### Starting TaskPrologue of job 3173841 on a0422 at Wed Nov 19 13:56:02 CET 2025
Running on cores 0-15,32-47,80-111 with governor ondemand
Wed Nov 19 13:56:02 2025       
+-----------------------------------------------------------------------------------------+
| NVIDIA-SMI 580.95.05              Driver Version: 580.95.05      CUDA Version: 13.0     |
+-----------------------------------------+------------------------+----------------------+
| GPU  Name                 Persistence-M | Bus-Id          Disp.A | Volatile Uncorr. ECC |
| Fan  Temp   Perf          Pwr:Usage/Cap |           Memory-Usage | GPU-Util  Compute M. |
|                                         |                        |               MIG M. |
|=========================================+========================+======================|
|   0  NVIDIA A40                     On  |   00000000:01:00.0 Off |                  Off |
|  0%   33C    P8             21W /  300W |       0MiB /  49140MiB |      0%      Default |
|                                         |                        |                  N/A |
+-----------------------------------------+------------------------+----------------------+
|   1  NVIDIA A40                     On  |   00000000:41:00.0 Off |                  Off |
|  0%   34C    P8             22W /  300W |       0MiB /  49140MiB |      0%      Default |
|                                         |                        |                  N/A |
+-----------------------------------------+------------------------+----------------------+
|   2  NVIDIA A40                     On  |   00000000:A1:00.0 Off |                  Off |
|  0%   34C    P8             22W /  300W |       0MiB /  49140MiB |      0%      Default |
|                                         |                        |                  N/A |
+-----------------------------------------+------------------------+----------------------+
|   3  NVIDIA A40                     On  |   00000000:C1:00.0 Off |                  Off |
|  0%   34C    P8             21W /  300W |       0MiB /  49140MiB |      0%      Default |
|                                         |                        |                  N/A |
+-----------------------------------------+------------------------+----------------------+

+-----------------------------------------------------------------------------------------+
| Processes:                                                                              |
|  GPU   GI   CI              PID   Type   Process name                        GPU Memory |
|        ID   ID                                                               Usage      |
|=========================================================================================|
|  No running processes found                                                             |
+-----------------------------------------------------------------------------------------+
### Finished TaskPrologue

Job started on a0422.nhr.fau.de at Wed Nov 19 13:56:03 CET 2025
SLURM_JOB_ID: 3173841
SLURM_JOB_NODELIST: a0422
Using config: ./configs/Pretrain.yaml
Output dir:  ./output_mimic_a40_transformations
HF cache dir: /home/woody/iwi5/iwi5362h/.cache/huggingface
Checking BERT cache...
HF models found in cache.
| distributed init (rank 1): env://
| distributed init (rank 2): env://
| distributed init (rank 3): env://
| distributed init (rank 0): env://
Creating dataset
Creating model
reshape position embedding from 196 to 256
_IncompatibleKeys(missing_keys=[], unexpected_keys=['head.weight', 'head.bias'])
Start training
Train Epoch: [0]  [  0/841]  eta: 1:40:16  lr: 0.000010  loss_mlm: 9.1722  loss_ita: 11.2137  loss_itm: 0.6945  time: 7.1543  data: 5.0564  max mem: 21689
Train Epoch: [0]  [ 50/841]  eta: 0:14:41  lr: 0.000010  loss_mlm: 0.8836  loss_ita: 9.2757  loss_itm: 0.6456  time: 1.0174  data: 0.1143  max mem: 24130
Train Epoch: [0]  [100/841]  eta: 0:13:08  lr: 0.000010  loss_mlm: 1.3263  loss_ita: 9.4255  loss_itm: 0.6381  time: 1.0185  data: 0.0863  max mem: 24130
Train Epoch: [0]  [150/841]  eta: 0:12:02  lr: 0.000019  loss_mlm: 0.7252  loss_ita: 9.2435  loss_itm: 0.6381  time: 1.0244  data: 0.1087  max mem: 24131
Train Epoch: [0]  [200/841]  eta: 0:11:04  lr: 0.000019  loss_mlm: 0.5548  loss_ita: 8.9323  loss_itm: 0.6205  time: 1.0286  data: 0.0852  max mem: 24131
Train Epoch: [0]  [250/841]  eta: 0:10:10  lr: 0.000028  loss_mlm: 0.3266  loss_ita: 8.6694  loss_itm: 0.6285  time: 0.9944  data: 0.0881  max mem: 24131
Train Epoch: [0]  [300/841]  eta: 0:09:17  lr: 0.000028  loss_mlm: 0.4191  loss_ita: 8.5440  loss_itm: 0.6439  time: 1.0146  data: 0.0002  max mem: 24135
Train Epoch: [0]  [350/841]  eta: 0:08:24  lr: 0.000037  loss_mlm: 0.1872  loss_ita: 8.4636  loss_itm: 0.6353  time: 1.0148  data: 0.0229  max mem: 24135
Train Epoch: [0]  [400/841]  eta: 0:07:31  lr: 0.000037  loss_mlm: 0.2540  loss_ita: 8.4499  loss_itm: 0.6315  time: 1.0146  data: 0.0777  max mem: 24135
Train Epoch: [0]  [450/841]  eta: 0:06:39  lr: 0.000046  loss_mlm: 0.0531  loss_ita: 8.4109  loss_itm: 0.6374  time: 0.9870  data: 0.0738  max mem: 24135
Train Epoch: [0]  [500/841]  eta: 0:05:48  lr: 0.000046  loss_mlm: 0.1450  loss_ita: 8.3428  loss_itm: 0.6301  time: 1.0227  data: 0.0027  max mem: 24135
Train Epoch: [0]  [550/841]  eta: 0:04:57  lr: 0.000055  loss_mlm: 0.1381  loss_ita: 8.4213  loss_itm: 0.6394  time: 1.0419  data: 0.0024  max mem: 24135
Train Epoch: [0]  [600/841]  eta: 0:04:05  lr: 0.000055  loss_mlm: 0.0247  loss_ita: 8.6775  loss_itm: 0.6383  time: 1.0104  data: 0.0002  max mem: 24135
Train Epoch: [0]  [650/841]  eta: 0:03:15  lr: 0.000064  loss_mlm: 0.0358  loss_ita: 8.4371  loss_itm: 0.6219  time: 1.0284  data: 0.0002  max mem: 24135
Train Epoch: [0]  [700/841]  eta: 0:02:24  lr: 0.000064  loss_mlm: 0.0340  loss_ita: 8.5390  loss_itm: 0.6227  time: 1.0259  data: 0.0002  max mem: 24135
Train Epoch: [0]  [750/841]  eta: 0:01:32  lr: 0.000073  loss_mlm: 0.1118  loss_ita: 8.6521  loss_itm: 0.6340  time: 1.0256  data: 0.0318  max mem: 24135
Train Epoch: [0]  [800/841]  eta: 0:00:41  lr: 0.000073  loss_mlm: 0.0549  loss_ita: 8.8161  loss_itm: 0.6393  time: 1.0224  data: 0.0905  max mem: 24135
Train Epoch: [0]  [840/841]  eta: 0:00:01  lr: 0.000082  loss_mlm: 0.0840  loss_ita: 8.6733  loss_itm: 0.6280  time: 1.0101  data: 0.0974  max mem: 24135
Train Epoch: [0] Total time: 0:14:19 (1.0220 s / it)
Averaged stats: lr: 0.0000  loss_mlm: 0.5482  loss_ita: 8.6794  loss_itm: 0.6351
Train Epoch: [1]  [  0/841]  eta: 1:19:20  lr: 0.000100  loss_mlm: 0.3786  loss_ita: 8.6998  loss_itm: 0.6339  time: 5.6606  data: 4.6471  max mem: 24526
Train Epoch: [1]  [ 50/841]  eta: 0:14:32  lr: 0.000100  loss_mlm: 0.6629  loss_ita: 8.6212  loss_itm: 0.6366  time: 1.0077  data: 0.0001  max mem: 24930
Train Epoch: [1]  [100/841]  eta: 0:13:00  lr: 0.000100  loss_mlm: 0.0557  loss_ita: 8.6058  loss_itm: 0.6419  time: 0.9980  data: 0.0001  max mem: 24930
Train Epoch: [1]  [150/841]  eta: 0:11:55  lr: 0.000100  loss_mlm: 0.0038  loss_ita: 8.5400  loss_itm: 0.6245  time: 0.9977  data: 0.0002  max mem: 24930
Train Epoch: [1]  [200/841]  eta: 0:10:59  lr: 0.000100  loss_mlm: 0.0030  loss_ita: 8.6686  loss_itm: 0.6294  time: 0.9926  data: 0.0002  max mem: 24930
Train Epoch: [1]  [250/841]  eta: 0:10:04  lr: 0.000100  loss_mlm: 0.0781  loss_ita: 8.5774  loss_itm: 0.6399  time: 0.9980  data: 0.0002  max mem: 24930
Train Epoch: [1]  [300/841]  eta: 0:09:11  lr: 0.000100  loss_mlm: 0.0127  loss_ita: 8.5039  loss_itm: 0.6360  time: 1.0096  data: 0.0002  max mem: 24930
Train Epoch: [1]  [350/841]  eta: 0:08:21  lr: 0.000100  loss_mlm: 0.0008  loss_ita: 8.5933  loss_itm: 0.6290  time: 1.0254  data: 0.0002  max mem: 24930
Train Epoch: [1]  [400/841]  eta: 0:07:29  lr: 0.000100  loss_mlm: 0.0005  loss_ita: 8.5818  loss_itm: 0.6385  time: 0.9988  data: 0.0002  max mem: 24930
Train Epoch: [1]  [450/841]  eta: 0:06:38  lr: 0.000100  loss_mlm: 0.0648  loss_ita: 8.5623  loss_itm: 0.6319  time: 1.0207  data: 0.0002  max mem: 24930
Train Epoch: [1]  [500/841]  eta: 0:05:46  lr: 0.000100  loss_mlm: 0.0015  loss_ita: 8.6139  loss_itm: 0.6336  time: 0.9918  data: 0.0002  max mem: 24930
Train Epoch: [1]  [550/841]  eta: 0:04:55  lr: 0.000100  loss_mlm: 0.1851  loss_ita: 8.6674  loss_itm: 0.6366  time: 1.0070  data: 0.0002  max mem: 24930
Train Epoch: [1]  [600/841]  eta: 0:04:04  lr: 0.000100  loss_mlm: 0.0616  loss_ita: 8.5494  loss_itm: 0.6450  time: 1.0252  data: 0.0002  max mem: 24930
Train Epoch: [1]  [650/841]  eta: 0:03:13  lr: 0.000100  loss_mlm: 0.0818  loss_ita: 8.4507  loss_itm: 0.6247  time: 1.0222  data: 0.0002  max mem: 24930
Train Epoch: [1]  [700/841]  eta: 0:02:22  lr: 0.000100  loss_mlm: 0.0003  loss_ita: 8.4733  loss_itm: 0.6279  time: 0.9958  data: 0.0002  max mem: 24930
Train Epoch: [1]  [750/841]  eta: 0:01:32  lr: 0.000100  loss_mlm: 0.1520  loss_ita: 8.4533  loss_itm: 0.6285  time: 0.9990  data: 0.0001  max mem: 24930
Train Epoch: [1]  [800/841]  eta: 0:00:41  lr: 0.000100  loss_mlm: 0.0237  loss_ita: 8.5786  loss_itm: 0.6267  time: 1.0092  data: 0.0001  max mem: 24930
Train Epoch: [1]  [840/841]  eta: 0:00:01  lr: 0.000100  loss_mlm: 0.0503  loss_ita: 8.4923  loss_itm: 0.6387  time: 0.9948  data: 0.0004  max mem: 24930
Train Epoch: [1] Total time: 0:14:10 (1.0116 s / it)
Averaged stats: lr: 0.0001  loss_mlm: 0.0764  loss_ita: 8.5854  loss_itm: 0.6315
Train Epoch: [2]  [  0/841]  eta: 1:19:06  lr: 0.000099  loss_mlm: 0.1122  loss_ita: 8.4832  loss_itm: 0.6349  time: 5.6443  data: 4.5269  max mem: 24930
Train Epoch: [2]  [ 50/841]  eta: 0:14:08  lr: 0.000099  loss_mlm: 0.0007  loss_ita: 8.4340  loss_itm: 0.6276  time: 0.9830  data: 0.0431  max mem: 24930
Train Epoch: [2]  [100/841]  eta: 0:12:39  lr: 0.000099  loss_mlm: 0.1941  loss_ita: 8.5088  loss_itm: 0.6305  time: 0.9696  data: 0.0002  max mem: 24930
Train Epoch: [2]  [150/841]  eta: 0:11:39  lr: 0.000099  loss_mlm: 0.0002  loss_ita: 8.5509  loss_itm: 0.6379  time: 0.9989  data: 0.0001  max mem: 24930
Train Epoch: [2]  [200/841]  eta: 0:10:46  lr: 0.000099  loss_mlm: 0.0501  loss_ita: 8.5289  loss_itm: 0.6353  time: 1.0019  data: 0.0001  max mem: 24930
Train Epoch: [2]  [250/841]  eta: 0:09:56  lr: 0.000099  loss_mlm: 0.1980  loss_ita: 8.4749  loss_itm: 0.6293  time: 1.0101  data: 0.0001  max mem: 24930
Train Epoch: [2]  [300/841]  eta: 0:09:05  lr: 0.000099  loss_mlm: 0.0783  loss_ita: 8.4266  loss_itm: 0.6338  time: 0.9945  data: 0.0001  max mem: 24930
Train Epoch: [2]  [350/841]  eta: 0:08:16  lr: 0.000099  loss_mlm: 0.0082  loss_ita: 8.3220  loss_itm: 0.6233  time: 1.0474  data: 0.0001  max mem: 24930
Train Epoch: [2]  [400/841]  eta: 0:07:26  lr: 0.000099  loss_mlm: 0.0028  loss_ita: 8.5122  loss_itm: 0.6338  time: 1.0297  data: 0.0001  max mem: 24930
Train Epoch: [2]  [450/841]  eta: 0:06:36  lr: 0.000099  loss_mlm: 0.2377  loss_ita: 8.5187  loss_itm: 0.6301  time: 1.0219  data: 0.0002  max mem: 24930
Train Epoch: [2]  [500/841]  eta: 0:05:45  lr: 0.000099  loss_mlm: 0.0004  loss_ita: 8.5262  loss_itm: 0.6334  time: 1.0260  data: 0.0002  max mem: 24930
Train Epoch: [2]  [550/841]  eta: 0:04:55  lr: 0.000099  loss_mlm: 0.0003  loss_ita: 8.4509  loss_itm: 0.6356  time: 1.0140  data: 0.0002  max mem: 24930
Train Epoch: [2]  [600/841]  eta: 0:04:05  lr: 0.000099  loss_mlm: 0.0350  loss_ita: 8.5323  loss_itm: 0.6307  time: 1.0543  data: 0.0002  max mem: 24930
Train Epoch: [2]  [650/841]  eta: 0:03:14  lr: 0.000099  loss_mlm: 0.0258  loss_ita: 8.3682  loss_itm: 0.6379  time: 1.0249  data: 0.0002  max mem: 24930
Train Epoch: [2]  [700/841]  eta: 0:02:23  lr: 0.000099  loss_mlm: 0.2098  loss_ita: 8.4725  loss_itm: 0.6307  time: 1.0306  data: 0.0002  max mem: 24930
Train Epoch: [2]  [750/841]  eta: 0:01:32  lr: 0.000099  loss_mlm: 0.0099  loss_ita: 8.5999  loss_itm: 0.6317  time: 1.0080  data: 0.0002  max mem: 24930
Train Epoch: [2]  [800/841]  eta: 0:00:41  lr: 0.000099  loss_mlm: 0.0135  loss_ita: 8.5844  loss_itm: 0.6331  time: 1.0242  data: 0.0003  max mem: 24930
Train Epoch: [2]  [840/841]  eta: 0:00:01  lr: 0.000099  loss_mlm: 0.0096  loss_ita: 8.4699  loss_itm: 0.6291  time: 1.0083  data: 0.0003  max mem: 24930
Train Epoch: [2] Total time: 0:14:18 (1.0213 s / it)
Averaged stats: lr: 0.0001  loss_mlm: 0.0641  loss_ita: 8.4866  loss_itm: 0.6298
Train Epoch: [3]  [  0/841]  eta: 1:21:22  lr: 0.000098  loss_mlm: 0.0241  loss_ita: 8.5255  loss_itm: 0.6288  time: 5.8059  data: 4.8134  max mem: 24930
Train Epoch: [3]  [ 50/841]  eta: 0:14:25  lr: 0.000098  loss_mlm: 0.3098  loss_ita: 8.4524  loss_itm: 0.6232  time: 0.9861  data: 0.0596  max mem: 24930
Train Epoch: [3]  [100/841]  eta: 0:12:56  lr: 0.000098  loss_mlm: 0.0001  loss_ita: 8.4412  loss_itm: 0.6295  time: 0.9918  data: 0.0001  max mem: 24930
Train Epoch: [3]  [150/841]  eta: 0:11:52  lr: 0.000098  loss_mlm: 0.0220  loss_ita: 8.5074  loss_itm: 0.6225  time: 1.0036  data: 0.0001  max mem: 24930
Train Epoch: [3]  [200/841]  eta: 0:10:56  lr: 0.000098  loss_mlm: 0.0015  loss_ita: 8.4773  loss_itm: 0.6329  time: 0.9976  data: 0.0001  max mem: 24930
Train Epoch: [3]  [250/841]  eta: 0:10:02  lr: 0.000098  loss_mlm: 0.0001  loss_ita: 8.3598  loss_itm: 0.6348  time: 1.0073  data: 0.0001  max mem: 24930
Train Epoch: [3]  [300/841]  eta: 0:09:10  lr: 0.000098  loss_mlm: 0.0756  loss_ita: 8.6210  loss_itm: 0.6394  time: 1.0309  data: 0.0001  max mem: 24930
Train Epoch: [3]  [350/841]  eta: 0:08:19  lr: 0.000098  loss_mlm: 0.0095  loss_ita: 8.5503  loss_itm: 0.6398  time: 1.0171  data: 0.0001  max mem: 24930
Train Epoch: [3]  [400/841]  eta: 0:07:28  lr: 0.000098  loss_mlm: 0.0496  loss_ita: 8.5807  loss_itm: 0.6181  time: 1.0326  data: 0.0001  max mem: 24930
Train Epoch: [3]  [450/841]  eta: 0:06:37  lr: 0.000098  loss_mlm: 0.0368  loss_ita: 8.7955  loss_itm: 0.6288  time: 1.0118  data: 0.0002  max mem: 24930
Train Epoch: [3]  [500/841]  eta: 0:05:46  lr: 0.000098  loss_mlm: 0.1281  loss_ita: 8.6157  loss_itm: 0.6274  time: 1.0280  data: 0.0002  max mem: 24930
Train Epoch: [3]  [550/841]  eta: 0:04:55  lr: 0.000098  loss_mlm: 0.0119  loss_ita: 8.5835  loss_itm: 0.6271  time: 1.0094  data: 0.0001  max mem: 24930
Train Epoch: [3]  [600/841]  eta: 0:04:05  lr: 0.000098  loss_mlm: 0.0001  loss_ita: 8.5023  loss_itm: 0.6199  time: 1.0375  data: 0.0002  max mem: 24930
Train Epoch: [3]  [650/841]  eta: 0:03:14  lr: 0.000098  loss_mlm: 0.2192  loss_ita: 8.7957  loss_itm: 0.6406  time: 1.0324  data: 0.0001  max mem: 24930
Train Epoch: [3]  [700/841]  eta: 0:02:23  lr: 0.000098  loss_mlm: 0.0384  loss_ita: 8.5585  loss_itm: 0.6284  time: 1.0279  data: 0.0002  max mem: 24930
Train Epoch: [3]  [750/841]  eta: 0:01:32  lr: 0.000098  loss_mlm: 0.0478  loss_ita: 8.4755  loss_itm: 0.6275  time: 1.0285  data: 0.0002  max mem: 24930
Train Epoch: [3]  [800/841]  eta: 0:00:41  lr: 0.000098  loss_mlm: 0.1470  loss_ita: 8.5635  loss_itm: 0.6386  time: 1.0104  data: 0.0001  max mem: 24930
Train Epoch: [3]  [840/841]  eta: 0:00:01  lr: 0.000098  loss_mlm: 0.0707  loss_ita: 8.6346  loss_itm: 0.6267  time: 0.9976  data: 0.0003  max mem: 24930
Train Epoch: [3] Total time: 0:14:17 (1.0196 s / it)
Averaged stats: lr: 0.0001  loss_mlm: 0.0648  loss_ita: 8.5232  loss_itm: 0.6270
Train Epoch: [4]  [  0/841]  eta: 1:17:32  lr: 0.000096  loss_mlm: 0.0007  loss_ita: 8.5097  loss_itm: 0.6357  time: 5.5317  data: 4.6403  max mem: 24930
Train Epoch: [4]  [ 50/841]  eta: 0:14:20  lr: 0.000096  loss_mlm: 0.0159  loss_ita: 8.4827  loss_itm: 0.6240  time: 0.9977  data: 0.1038  max mem: 24930
Train Epoch: [4]  [100/841]  eta: 0:12:51  lr: 0.000096  loss_mlm: 0.1626  loss_ita: 8.6567  loss_itm: 0.6292  time: 1.0016  data: 0.0963  max mem: 24930
Train Epoch: [4]  [150/841]  eta: 0:11:46  lr: 0.000096  loss_mlm: 0.0106  loss_ita: 8.6026  loss_itm: 0.6358  time: 0.9940  data: 0.0742  max mem: 24930
Train Epoch: [4]  [200/841]  eta: 0:10:51  lr: 0.000096  loss_mlm: 0.0323  loss_ita: 8.6262  loss_itm: 0.6390  time: 1.0028  data: 0.0001  max mem: 24930
Train Epoch: [4]  [250/841]  eta: 0:10:01  lr: 0.000096  loss_mlm: 0.0003  loss_ita: 8.5584  loss_itm: 0.6311  time: 1.0331  data: 0.0001  max mem: 24930
Train Epoch: [4]  [300/841]  eta: 0:09:08  lr: 0.000096  loss_mlm: 0.0328  loss_ita: 8.5586  loss_itm: 0.6253  time: 1.0069  data: 0.0001  max mem: 24930
Train Epoch: [4]  [350/841]  eta: 0:08:16  lr: 0.000096  loss_mlm: 0.0080  loss_ita: 8.4594  loss_itm: 0.6225  time: 0.9933  data: 0.0002  max mem: 24930
Train Epoch: [4]  [400/841]  eta: 0:07:25  lr: 0.000096  loss_mlm: 0.1881  loss_ita: 8.4962  loss_itm: 0.6326  time: 1.0035  data: 0.0002  max mem: 24930
Train Epoch: [4]  [450/841]  eta: 0:06:34  lr: 0.000096  loss_mlm: 0.0531  loss_ita: 8.6260  loss_itm: 0.6255  time: 1.0122  data: 0.0002  max mem: 24930
Train Epoch: [4]  [500/841]  eta: 0:05:44  lr: 0.000096  loss_mlm: 0.0001  loss_ita: 8.6427  loss_itm: 0.6284  time: 1.0395  data: 0.0002  max mem: 24930
Train Epoch: [4]  [550/841]  eta: 0:04:54  lr: 0.000096  loss_mlm: 0.0778  loss_ita: 8.6608  loss_itm: 0.6118  time: 1.0081  data: 0.0002  max mem: 24930
Train Epoch: [4]  [600/841]  eta: 0:04:04  lr: 0.000096  loss_mlm: 0.0848  loss_ita: 8.5892  loss_itm: 0.6149  time: 1.0173  data: 0.0002  max mem: 24930
Train Epoch: [4]  [650/841]  eta: 0:03:13  lr: 0.000096  loss_mlm: 0.0540  loss_ita: 8.3479  loss_itm: 0.6129  time: 1.0266  data: 0.0002  max mem: 24930
Train Epoch: [4]  [700/841]  eta: 0:02:22  lr: 0.000096  loss_mlm: 0.1143  loss_ita: 8.6310  loss_itm: 0.6273  time: 1.0037  data: 0.0002  max mem: 24930
Train Epoch: [4]  [750/841]  eta: 0:01:32  lr: 0.000096  loss_mlm: 0.1229  loss_ita: 8.5445  loss_itm: 0.6249  time: 0.9884  data: 0.0002  max mem: 24930
Train Epoch: [4]  [800/841]  eta: 0:00:41  lr: 0.000096  loss_mlm: 0.0296  loss_ita: 8.4922  loss_itm: 0.6212  time: 1.0105  data: 0.0002  max mem: 24930
Train Epoch: [4]  [840/841]  eta: 0:00:01  lr: 0.000096  loss_mlm: 0.0393  loss_ita: 8.5318  loss_itm: 0.6050  time: 0.9866  data: 0.0005  max mem: 24930
Train Epoch: [4] Total time: 0:14:10 (1.0117 s / it)
Averaged stats: lr: 0.0001  loss_mlm: 0.0540  loss_ita: 8.5441  loss_itm: 0.6250
Train Epoch: [5]  [  0/841]  eta: 1:19:53  lr: 0.000094  loss_mlm: 0.0002  loss_ita: 8.5180  loss_itm: 0.6268  time: 5.7000  data: 4.7308  max mem: 24930
Train Epoch: [5]  [ 50/841]  eta: 0:14:18  lr: 0.000094  loss_mlm: 0.0001  loss_ita: 8.4637  loss_itm: 0.6301  time: 0.9863  data: 0.0877  max mem: 24930
Train Epoch: [5]  [100/841]  eta: 0:12:47  lr: 0.000094  loss_mlm: 0.0833  loss_ita: 8.3841  loss_itm: 0.6133  time: 0.9969  data: 0.0906  max mem: 24930
Train Epoch: [5]  [150/841]  eta: 0:11:45  lr: 0.000094  loss_mlm: 0.0161  loss_ita: 8.4944  loss_itm: 0.6282  time: 1.0040  data: 0.0357  max mem: 24930
Train Epoch: [5]  [200/841]  eta: 0:10:49  lr: 0.000094  loss_mlm: 0.0006  loss_ita: 8.4444  loss_itm: 0.6141  time: 0.9942  data: 0.0003  max mem: 24930
Train Epoch: [5]  [250/841]  eta: 0:09:57  lr: 0.000094  loss_mlm: 0.0003  loss_ita: 8.5140  loss_itm: 0.6265  time: 0.9849  data: 0.0002  max mem: 24930
Train Epoch: [5]  [300/841]  eta: 0:09:05  lr: 0.000094  loss_mlm: 0.0055  loss_ita: 8.5599  loss_itm: 0.6167  time: 1.0027  data: 0.0002  max mem: 24930
Train Epoch: [5]  [350/841]  eta: 0:08:14  lr: 0.000094  loss_mlm: 0.0001  loss_ita: 8.5232  loss_itm: 0.6264  time: 0.9759  data: 0.0002  max mem: 24930
Train Epoch: [5]  [400/841]  eta: 0:07:22  lr: 0.000094  loss_mlm: 0.0208  loss_ita: 8.6793  loss_itm: 0.6274  time: 0.9936  data: 0.0002  max mem: 24930
Train Epoch: [5]  [450/841]  eta: 0:06:31  lr: 0.000094  loss_mlm: 0.0008  loss_ita: 8.9003  loss_itm: 0.6184  time: 0.9874  data: 0.0002  max mem: 24930
Train Epoch: [5]  [500/841]  eta: 0:05:41  lr: 0.000094  loss_mlm: 0.0004  loss_ita: 8.8343  loss_itm: 0.6176  time: 1.0034  data: 0.0002  max mem: 24930
Train Epoch: [5]  [550/841]  eta: 0:04:51  lr: 0.000094  loss_mlm: 0.0005  loss_ita: 8.7019  loss_itm: 0.6147  time: 1.0010  data: 0.0002  max mem: 24930
Train Epoch: [5]  [600/841]  eta: 0:04:00  lr: 0.000094  loss_mlm: 0.0029  loss_ita: 8.8060  loss_itm: 0.6207  time: 0.9925  data: 0.0002  max mem: 24930
Train Epoch: [5]  [650/841]  eta: 0:03:10  lr: 0.000094  loss_mlm: 0.0061  loss_ita: 8.5755  loss_itm: 0.6098  time: 1.0015  data: 0.0844  max mem: 24930
Train Epoch: [5]  [700/841]  eta: 0:02:21  lr: 0.000094  loss_mlm: 0.1082  loss_ita: 8.6626  loss_itm: 0.6329  time: 1.0255  data: 0.0053  max mem: 24930
Train Epoch: [5]  [750/841]  eta: 0:01:31  lr: 0.000094  loss_mlm: 0.0156  loss_ita: 8.7027  loss_itm: 0.6148  time: 1.0078  data: 0.0556  max mem: 24930
Train Epoch: [5]  [800/841]  eta: 0:00:41  lr: 0.000094  loss_mlm: 0.0300  loss_ita: 8.5747  loss_itm: 0.6164  time: 1.0227  data: 0.1202  max mem: 24930
Train Epoch: [5]  [840/841]  eta: 0:00:01  lr: 0.000094  loss_mlm: 0.0482  loss_ita: 8.6875  loss_itm: 0.6374  time: 0.9846  data: 0.0748  max mem: 24930
Train Epoch: [5] Total time: 0:14:01 (1.0005 s / it)
Averaged stats: lr: 0.0001  loss_mlm: 0.0538  loss_ita: 8.6027  loss_itm: 0.6214
Train Epoch: [6]  [  0/841]  eta: 1:17:07  lr: 0.000091  loss_mlm: 0.0540  loss_ita: 8.6039  loss_itm: 0.6077  time: 5.5030  data: 4.5858  max mem: 24930
Train Epoch: [6]  [ 50/841]  eta: 0:14:22  lr: 0.000091  loss_mlm: 0.0103  loss_ita: 8.6067  loss_itm: 0.6145  time: 1.0014  data: 0.0001  max mem: 24930
Train Epoch: [6]  [100/841]  eta: 0:12:50  lr: 0.000091  loss_mlm: 0.0023  loss_ita: 8.5259  loss_itm: 0.6170  time: 0.9914  data: 0.0001  max mem: 24930
Train Epoch: [6]  [150/841]  eta: 0:11:50  lr: 0.000091  loss_mlm: 0.0948  loss_ita: 8.5373  loss_itm: 0.6243  time: 1.0081  data: 0.0001  max mem: 24930
Train Epoch: [6]  [200/841]  eta: 0:10:52  lr: 0.000091  loss_mlm: 0.0069  loss_ita: 8.6502  loss_itm: 0.6163  time: 0.9768  data: 0.0001  max mem: 24930
Train Epoch: [6]  [250/841]  eta: 0:10:01  lr: 0.000091  loss_mlm: 0.0050  loss_ita: 8.7710  loss_itm: 0.6307  time: 0.9936  data: 0.0001  max mem: 24930
Train Epoch: [6]  [300/841]  eta: 0:09:08  lr: 0.000091  loss_mlm: 0.0025  loss_ita: 8.6413  loss_itm: 0.6187  time: 1.0055  data: 0.0001  max mem: 24930
Train Epoch: [6]  [350/841]  eta: 0:08:16  lr: 0.000091  loss_mlm: 0.0090  loss_ita: 8.5262  loss_itm: 0.6315  time: 0.9858  data: 0.0001  max mem: 24930
Train Epoch: [6]  [400/841]  eta: 0:07:24  lr: 0.000091  loss_mlm: 0.0136  loss_ita: 8.5995  loss_itm: 0.6166  time: 1.0010  data: 0.0002  max mem: 24930
Train Epoch: [6]  [450/841]  eta: 0:06:34  lr: 0.000091  loss_mlm: 0.0125  loss_ita: 8.7697  loss_itm: 0.6184  time: 1.0290  data: 0.0002  max mem: 24930
Train Epoch: [6]  [500/841]  eta: 0:05:43  lr: 0.000091  loss_mlm: 0.0944  loss_ita: 8.5992  loss_itm: 0.6302  time: 0.9805  data: 0.0002  max mem: 24930
Train Epoch: [6]  [550/841]  eta: 0:04:53  lr: 0.000091  loss_mlm: 0.0210  loss_ita: 8.7871  loss_itm: 0.6209  time: 0.9977  data: 0.0002  max mem: 24930
Train Epoch: [6]  [600/841]  eta: 0:04:02  lr: 0.000091  loss_mlm: 0.0004  loss_ita: 8.5317  loss_itm: 0.6165  time: 1.0024  data: 0.0002  max mem: 24930
Train Epoch: [6]  [650/841]  eta: 0:03:12  lr: 0.000091  loss_mlm: 0.0666  loss_ita: 8.5927  loss_itm: 0.6188  time: 1.0170  data: 0.0001  max mem: 24930
Train Epoch: [6]  [700/841]  eta: 0:02:21  lr: 0.000091  loss_mlm: 0.1829  loss_ita: 8.4815  loss_itm: 0.6024  time: 1.0067  data: 0.0002  max mem: 24930
Train Epoch: [6]  [750/841]  eta: 0:01:31  lr: 0.000091  loss_mlm: 0.0900  loss_ita: 8.5011  loss_itm: 0.6258  time: 1.0229  data: 0.0001  max mem: 24930
Train Epoch: [6]  [800/841]  eta: 0:00:41  lr: 0.000091  loss_mlm: 0.1294  loss_ita: 8.4323  loss_itm: 0.6243  time: 0.9888  data: 0.0001  max mem: 24930
Train Epoch: [6]  [840/841]  eta: 0:00:01  lr: 0.000091  loss_mlm: 0.0005  loss_ita: 8.4726  loss_itm: 0.6193  time: 0.9982  data: 0.0002  max mem: 24930
Train Epoch: [6] Total time: 0:14:07 (1.0073 s / it)
Averaged stats: lr: 0.0001  loss_mlm: 0.0552  loss_ita: 8.5977  loss_itm: 0.6217
Train Epoch: [7]  [  0/841]  eta: 1:19:30  lr: 0.000088  loss_mlm: 0.0137  loss_ita: 8.5585  loss_itm: 0.6385  time: 5.6729  data: 4.6705  max mem: 24930
Train Epoch: [7]  [ 50/841]  eta: 0:14:20  lr: 0.000088  loss_mlm: 0.0557  loss_ita: 8.4908  loss_itm: 0.6249  time: 0.9823  data: 0.0737  max mem: 24930
Train Epoch: [7]  [100/841]  eta: 0:12:50  lr: 0.000088  loss_mlm: 0.0274  loss_ita: 8.6240  loss_itm: 0.6323  time: 1.0020  data: 0.0001  max mem: 24930
Train Epoch: [7]  [150/841]  eta: 0:11:55  lr: 0.000088  loss_mlm: 0.2360  loss_ita: 8.5734  loss_itm: 0.6265  time: 1.0355  data: 0.0001  max mem: 24930
Train Epoch: [7]  [200/841]  eta: 0:10:56  lr: 0.000088  loss_mlm: 0.1417  loss_ita: 8.6596  loss_itm: 0.6036  time: 1.0072  data: 0.0001  max mem: 24930
Train Epoch: [7]  [250/841]  eta: 0:10:02  lr: 0.000088  loss_mlm: 0.0723  loss_ita: 8.6389  loss_itm: 0.6119  time: 0.9984  data: 0.0001  max mem: 24930
Train Epoch: [7]  [300/841]  eta: 0:09:10  lr: 0.000088  loss_mlm: 0.0053  loss_ita: 8.4836  loss_itm: 0.6026  time: 1.0032  data: 0.0002  max mem: 24930
Train Epoch: [7]  [350/841]  eta: 0:08:19  lr: 0.000088  loss_mlm: 0.0659  loss_ita: 8.7399  loss_itm: 0.6399  time: 0.9903  data: 0.0001  max mem: 24930
Train Epoch: [7]  [400/841]  eta: 0:07:26  lr: 0.000088  loss_mlm: 0.1148  loss_ita: 8.6601  loss_itm: 0.6243  time: 0.9958  data: 0.0001  max mem: 24931
Train Epoch: [7]  [450/841]  eta: 0:06:34  lr: 0.000088  loss_mlm: 0.0035  loss_ita: 8.6917  loss_itm: 0.6081  time: 0.9775  data: 0.0002  max mem: 24931
Train Epoch: [7]  [500/841]  eta: 0:05:44  lr: 0.000088  loss_mlm: 0.0018  loss_ita: 8.7408  loss_itm: 0.6199  time: 1.0143  data: 0.0001  max mem: 24931
Train Epoch: [7]  [550/841]  eta: 0:04:54  lr: 0.000088  loss_mlm: 0.0672  loss_ita: 8.4447  loss_itm: 0.6091  time: 1.0576  data: 0.0002  max mem: 24931
Train Epoch: [7]  [600/841]  eta: 0:04:03  lr: 0.000088  loss_mlm: 0.0003  loss_ita: 8.4992  loss_itm: 0.6175  time: 1.0034  data: 0.0002  max mem: 24931
Train Epoch: [7]  [650/841]  eta: 0:03:13  lr: 0.000088  loss_mlm: 0.0760  loss_ita: 8.5420  loss_itm: 0.6083  time: 1.0471  data: 0.0002  max mem: 24931
Train Epoch: [7]  [700/841]  eta: 0:02:22  lr: 0.000088  loss_mlm: 0.0749  loss_ita: 8.5752  loss_itm: 0.6286  time: 1.0247  data: 0.0002  max mem: 24931
Train Epoch: [7]  [750/841]  eta: 0:01:31  lr: 0.000088  loss_mlm: 0.2022  loss_ita: 8.5406  loss_itm: 0.5890  time: 0.9729  data: 0.0002  max mem: 24931
Train Epoch: [7]  [800/841]  eta: 0:00:41  lr: 0.000088  loss_mlm: 0.0011  loss_ita: 8.5202  loss_itm: 0.6007  time: 1.0480  data: 0.0002  max mem: 24931
Train Epoch: [7]  [840/841]  eta: 0:00:01  lr: 0.000088  loss_mlm: 0.0374  loss_ita: 8.4450  loss_itm: 0.6135  time: 0.9869  data: 0.0004  max mem: 24931
Train Epoch: [7] Total time: 0:14:10 (1.0113 s / it)
Averaged stats: lr: 0.0001  loss_mlm: 0.0702  loss_ita: 8.5764  loss_itm: 0.6181
Train Epoch: [8]  [  0/841]  eta: 1:22:59  lr: 0.000085  loss_mlm: 0.0011  loss_ita: 8.5219  loss_itm: 0.6182  time: 5.9208  data: 5.0326  max mem: 24931
Train Epoch: [8]  [ 50/841]  eta: 0:14:27  lr: 0.000085  loss_mlm: 0.0254  loss_ita: 8.4649  loss_itm: 0.6046  time: 0.9876  data: 0.0001  max mem: 24931
Train Epoch: [8]  [100/841]  eta: 0:13:00  lr: 0.000085  loss_mlm: 0.0667  loss_ita: 8.7440  loss_itm: 0.6160  time: 1.0184  data: 0.0002  max mem: 24931
Train Epoch: [8]  [150/841]  eta: 0:11:55  lr: 0.000085  loss_mlm: 0.0142  loss_ita: 8.6680  loss_itm: 0.6345  time: 1.0078  data: 0.0002  max mem: 24931
Train Epoch: [8]  [200/841]  eta: 0:10:55  lr: 0.000085  loss_mlm: 0.1779  loss_ita: 8.8440  loss_itm: 0.6057  time: 0.9854  data: 0.0002  max mem: 24931
Train Epoch: [8]  [250/841]  eta: 0:09:59  lr: 0.000085  loss_mlm: 0.0270  loss_ita: 8.7797  loss_itm: 0.6325  time: 0.9841  data: 0.0002  max mem: 24931
Train Epoch: [8]  [300/841]  eta: 0:09:05  lr: 0.000085  loss_mlm: 0.0041  loss_ita: 8.8457  loss_itm: 0.6204  time: 0.9672  data: 0.0002  max mem: 24931
Train Epoch: [8]  [350/841]  eta: 0:08:14  lr: 0.000085  loss_mlm: 0.0782  loss_ita: 8.7499  loss_itm: 0.6174  time: 0.9888  data: 0.0002  max mem: 24931
Train Epoch: [8]  [400/841]  eta: 0:07:23  lr: 0.000085  loss_mlm: 0.0679  loss_ita: 8.8218  loss_itm: 0.6118  time: 0.9751  data: 0.0002  max mem: 24931
Train Epoch: [8]  [450/841]  eta: 0:06:31  lr: 0.000085  loss_mlm: 0.0015  loss_ita: 8.6834  loss_itm: 0.6106  time: 0.9774  data: 0.0002  max mem: 24931
Train Epoch: [8]  [500/841]  eta: 0:05:41  lr: 0.000085  loss_mlm: 0.0177  loss_ita: 8.7741  loss_itm: 0.6316  time: 0.9883  data: 0.0002  max mem: 24931
Train Epoch: [8]  [550/841]  eta: 0:04:51  lr: 0.000085  loss_mlm: 0.0023  loss_ita: 8.6895  loss_itm: 0.6122  time: 0.9906  data: 0.0002  max mem: 24931
Train Epoch: [8]  [600/841]  eta: 0:04:01  lr: 0.000085  loss_mlm: 0.0258  loss_ita: 8.6517  loss_itm: 0.6150  time: 0.9940  data: 0.0002  max mem: 24931
Train Epoch: [8]  [650/841]  eta: 0:03:11  lr: 0.000085  loss_mlm: 0.0070  loss_ita: 8.7752  loss_itm: 0.6250  time: 1.0036  data: 0.0003  max mem: 24931
Train Epoch: [8]  [700/841]  eta: 0:02:21  lr: 0.000085  loss_mlm: 0.1052  loss_ita: 8.8053  loss_itm: 0.6041  time: 0.9908  data: 0.0002  max mem: 24931
Train Epoch: [8]  [750/841]  eta: 0:01:31  lr: 0.000085  loss_mlm: 0.2752  loss_ita: 8.7506  loss_itm: 0.6071  time: 1.0067  data: 0.0002  max mem: 24931
Train Epoch: [8]  [800/841]  eta: 0:00:41  lr: 0.000085  loss_mlm: 0.0005  loss_ita: 8.7752  loss_itm: 0.6094  time: 1.0164  data: 0.0002  max mem: 24931
Train Epoch: [8]  [840/841]  eta: 0:00:01  lr: 0.000085  loss_mlm: 0.0731  loss_ita: 8.6439  loss_itm: 0.6067  time: 0.9672  data: 0.0004  max mem: 24931
Train Epoch: [8] Total time: 0:14:02 (1.0013 s / it)
Averaged stats: lr: 0.0001  loss_mlm: 0.0509  loss_ita: 8.7455  loss_itm: 0.6158
Train Epoch: [9]  [  0/841]  eta: 1:17:58  lr: 0.000081  loss_mlm: 0.0099  loss_ita: 8.8495  loss_itm: 0.6051  time: 5.5625  data: 4.6442  max mem: 24931
Train Epoch: [9]  [ 50/841]  eta: 0:14:28  lr: 0.000081  loss_mlm: 0.0011  loss_ita: 8.8982  loss_itm: 0.6216  time: 1.0110  data: 0.0038  max mem: 24931
Train Epoch: [9]  [100/841]  eta: 0:13:02  lr: 0.000081  loss_mlm: 0.0677  loss_ita: 8.9098  loss_itm: 0.6358  time: 1.0244  data: 0.0002  max mem: 24932
Train Epoch: [9]  [150/841]  eta: 0:11:54  lr: 0.000081  loss_mlm: 0.0005  loss_ita: 8.7829  loss_itm: 0.6227  time: 0.9813  data: 0.0002  max mem: 24932
Train Epoch: [9]  [200/841]  eta: 0:11:00  lr: 0.000081  loss_mlm: 0.0741  loss_ita: 8.6627  loss_itm: 0.6182  time: 1.0312  data: 0.0002  max mem: 24932
Train Epoch: [9]  [250/841]  eta: 0:10:05  lr: 0.000081  loss_mlm: 0.0843  loss_ita: 8.4927  loss_itm: 0.5992  time: 0.9874  data: 0.0002  max mem: 24932
Train Epoch: [9]  [300/841]  eta: 0:09:13  lr: 0.000081  loss_mlm: 0.0007  loss_ita: 8.5544  loss_itm: 0.6177  time: 0.9980  data: 0.0002  max mem: 24932
Train Epoch: [9]  [350/841]  eta: 0:08:19  lr: 0.000081  loss_mlm: 0.0243  loss_ita: 8.7461  loss_itm: 0.6110  time: 0.9903  data: 0.0002  max mem: 24932
Train Epoch: [9]  [400/841]  eta: 0:07:27  lr: 0.000081  loss_mlm: 0.2083  loss_ita: 8.7142  loss_itm: 0.6273  time: 0.9790  data: 0.0002  max mem: 24932
Train Epoch: [9]  [450/841]  eta: 0:06:35  lr: 0.000081  loss_mlm: 0.0675  loss_ita: 8.6604  loss_itm: 0.6166  time: 0.9826  data: 0.0002  max mem: 24932
Train Epoch: [9]  [500/841]  eta: 0:05:44  lr: 0.000081  loss_mlm: 0.1263  loss_ita: 8.6586  loss_itm: 0.6200  time: 1.0133  data: 0.0002  max mem: 24932
Train Epoch: [9]  [550/841]  eta: 0:04:53  lr: 0.000081  loss_mlm: 0.0349  loss_ita: 8.5562  loss_itm: 0.5942  time: 0.9893  data: 0.0002  max mem: 24932
Train Epoch: [9]  [600/841]  eta: 0:04:02  lr: 0.000081  loss_mlm: 0.0414  loss_ita: 8.7033  loss_itm: 0.6253  time: 0.9806  data: 0.0002  max mem: 24932
Train Epoch: [9]  [650/841]  eta: 0:03:12  lr: 0.000081  loss_mlm: 0.0272  loss_ita: 8.6171  loss_itm: 0.6111  time: 1.0025  data: 0.0002  max mem: 24932
Train Epoch: [9]  [700/841]  eta: 0:02:21  lr: 0.000081  loss_mlm: 0.0321  loss_ita: 8.7557  loss_itm: 0.6122  time: 0.9907  data: 0.0002  max mem: 24932
Train Epoch: [9]  [750/841]  eta: 0:01:31  lr: 0.000081  loss_mlm: 0.0299  loss_ita: 8.7510  loss_itm: 0.6263  time: 1.0457  data: 0.0002  max mem: 24932
Train Epoch: [9]  [800/841]  eta: 0:00:41  lr: 0.000081  loss_mlm: 0.0205  loss_ita: 8.6995  loss_itm: 0.6226  time: 1.0068  data: 0.0002  max mem: 24932
Train Epoch: [9]  [840/841]  eta: 0:00:01  lr: 0.000081  loss_mlm: 0.0004  loss_ita: 8.6688  loss_itm: 0.6328  time: 0.9874  data: 0.0004  max mem: 24932
Train Epoch: [9] Total time: 0:14:08 (1.0085 s / it)
Averaged stats: lr: 0.0001  loss_mlm: 0.0525  loss_ita: 8.6888  loss_itm: 0.6158
Train Epoch: [10]  [  0/841]  eta: 1:20:06  lr: 0.000077  loss_mlm: 0.0433  loss_ita: 8.6361  loss_itm: 0.6318  time: 5.7158  data: 4.7100  max mem: 24932
Train Epoch: [10]  [ 50/841]  eta: 0:14:23  lr: 0.000077  loss_mlm: 0.0126  loss_ita: 8.5841  loss_itm: 0.6108  time: 0.9856  data: 0.0295  max mem: 24932
Train Epoch: [10]  [100/841]  eta: 0:12:52  lr: 0.000077  loss_mlm: 0.0229  loss_ita: 8.7022  loss_itm: 0.6360  time: 0.9796  data: 0.0001  max mem: 24932
Train Epoch: [10]  [150/841]  eta: 0:11:49  lr: 0.000077  loss_mlm: 0.0115  loss_ita: 8.5770  loss_itm: 0.5999  time: 0.9660  data: 0.0001  max mem: 24932
Train Epoch: [10]  [200/841]  eta: 0:10:54  lr: 0.000077  loss_mlm: 0.0276  loss_ita: 8.5904  loss_itm: 0.5977  time: 0.9987  data: 0.0001  max mem: 24932
Train Epoch: [10]  [250/841]  eta: 0:09:58  lr: 0.000077  loss_mlm: 0.0387  loss_ita: 8.7013  loss_itm: 0.6308  time: 0.9916  data: 0.0001  max mem: 24932
Train Epoch: [10]  [300/841]  eta: 0:09:06  lr: 0.000077  loss_mlm: 0.0645  loss_ita: 8.6645  loss_itm: 0.6324  time: 1.0025  data: 0.1013  max mem: 24932
Train Epoch: [10]  [350/841]  eta: 0:08:15  lr: 0.000077  loss_mlm: 0.1159  loss_ita: 8.8293  loss_itm: 0.6211  time: 1.0047  data: 0.0974  max mem: 24932
Train Epoch: [10]  [400/841]  eta: 0:07:25  lr: 0.000077  loss_mlm: 0.0523  loss_ita: 8.7367  loss_itm: 0.5982  time: 1.0115  data: 0.1078  max mem: 24932
Train Epoch: [10]  [450/841]  eta: 0:06:33  lr: 0.000077  loss_mlm: 0.0182  loss_ita: 8.7107  loss_itm: 0.6141  time: 0.9712  data: 0.0659  max mem: 24932
Train Epoch: [10]  [500/841]  eta: 0:05:43  lr: 0.000077  loss_mlm: 0.0634  loss_ita: 8.8653  loss_itm: 0.6200  time: 1.0083  data: 0.0978  max mem: 24932
Train Epoch: [10]  [550/841]  eta: 0:04:52  lr: 0.000077  loss_mlm: 0.0002  loss_ita: 8.7578  loss_itm: 0.6234  time: 1.0178  data: 0.0047  max mem: 24932
Train Epoch: [10]  [600/841]  eta: 0:04:02  lr: 0.000077  loss_mlm: 0.0541  loss_ita: 8.5334  loss_itm: 0.6036  time: 1.0054  data: 0.0193  max mem: 24932
Train Epoch: [10]  [650/841]  eta: 0:03:12  lr: 0.000077  loss_mlm: 0.0443  loss_ita: 8.6117  loss_itm: 0.6108  time: 1.0219  data: 0.0075  max mem: 24932
Train Epoch: [10]  [700/841]  eta: 0:02:21  lr: 0.000077  loss_mlm: 0.0003  loss_ita: 8.6639  loss_itm: 0.6173  time: 1.0297  data: 0.1221  max mem: 24932
Train Epoch: [10]  [750/841]  eta: 0:01:31  lr: 0.000077  loss_mlm: 0.0507  loss_ita: 8.5960  loss_itm: 0.6106  time: 0.9852  data: 0.0829  max mem: 24932
Train Epoch: [10]  [800/841]  eta: 0:00:41  lr: 0.000077  loss_mlm: 0.1763  loss_ita: 8.6925  loss_itm: 0.6234  time: 1.0074  data: 0.0977  max mem: 24932
Train Epoch: [10]  [840/841]  eta: 0:00:01  lr: 0.000077  loss_mlm: 0.0005  loss_ita: 8.6389  loss_itm: 0.6185  time: 0.9978  data: 0.0935  max mem: 24932
Train Epoch: [10] Total time: 0:14:05 (1.0051 s / it)
Averaged stats: lr: 0.0001  loss_mlm: 0.0507  loss_ita: 8.6746  loss_itm: 0.6159
Train Epoch: [11]  [  0/841]  eta: 1:20:17  lr: 0.000073  loss_mlm: 0.0105  loss_ita: 8.7078  loss_itm: 0.5922  time: 5.7284  data: 4.7290  max mem: 24932
Train Epoch: [11]  [ 50/841]  eta: 0:14:28  lr: 0.000073  loss_mlm: 0.1401  loss_ita: 8.6669  loss_itm: 0.6086  time: 1.0264  data: 0.1063  max mem: 24932
Train Epoch: [11]  [100/841]  eta: 0:12:57  lr: 0.000073  loss_mlm: 0.0480  loss_ita: 8.8454  loss_itm: 0.6157  time: 0.9932  data: 0.0879  max mem: 24932
Train Epoch: [11]  [150/841]  eta: 0:11:56  lr: 0.000073  loss_mlm: 0.0043  loss_ita: 8.6084  loss_itm: 0.6150  time: 0.9986  data: 0.0924  max mem: 24932
Train Epoch: [11]  [200/841]  eta: 0:10:59  lr: 0.000073  loss_mlm: 0.0395  loss_ita: 8.5059  loss_itm: 0.6317  time: 1.0138  data: 0.1069  max mem: 24932
Train Epoch: [11]  [250/841]  eta: 0:10:06  lr: 0.000073  loss_mlm: 0.0080  loss_ita: 8.6654  loss_itm: 0.6040  time: 0.9952  data: 0.0915  max mem: 24932
Train Epoch: [11]  [300/841]  eta: 0:09:12  lr: 0.000073  loss_mlm: 0.0071  loss_ita: 8.8847  loss_itm: 0.6287  time: 0.9814  data: 0.0746  max mem: 24932
Train Epoch: [11]  [350/841]  eta: 0:08:19  lr: 0.000073  loss_mlm: 0.0394  loss_ita: 8.7036  loss_itm: 0.6017  time: 0.9801  data: 0.0747  max mem: 24932
Train Epoch: [11]  [400/841]  eta: 0:07:28  lr: 0.000073  loss_mlm: 0.0728  loss_ita: 8.7986  loss_itm: 0.6173  time: 1.0066  data: 0.0978  max mem: 24932
Train Epoch: [11]  [450/841]  eta: 0:06:36  lr: 0.000073  loss_mlm: 0.0001  loss_ita: 8.8175  loss_itm: 0.6282  time: 1.0060  data: 0.0965  max mem: 24932
Train Epoch: [11]  [500/841]  eta: 0:05:46  lr: 0.000073  loss_mlm: 0.2409  loss_ita: 8.8048  loss_itm: 0.6218  time: 1.0260  data: 0.1180  max mem: 24932
Train Epoch: [11]  [550/841]  eta: 0:04:55  lr: 0.000073  loss_mlm: 0.0064  loss_ita: 8.6292  loss_itm: 0.6163  time: 1.0255  data: 0.1173  max mem: 24932
Train Epoch: [11]  [600/841]  eta: 0:04:04  lr: 0.000073  loss_mlm: 0.0003  loss_ita: 8.7348  loss_itm: 0.6025  time: 1.0022  data: 0.0963  max mem: 24932
Train Epoch: [11]  [650/841]  eta: 0:03:13  lr: 0.000073  loss_mlm: 0.0635  loss_ita: 8.7320  loss_itm: 0.6324  time: 1.0284  data: 0.1224  max mem: 24932
Train Epoch: [11]  [700/841]  eta: 0:02:23  lr: 0.000073  loss_mlm: 0.2709  loss_ita: 8.7371  loss_itm: 0.6250  time: 1.0192  data: 0.1100  max mem: 24932
Train Epoch: [11]  [750/841]  eta: 0:01:32  lr: 0.000073  loss_mlm: 0.0053  loss_ita: 8.6686  loss_itm: 0.5987  time: 1.0217  data: 0.1141  max mem: 24932
Train Epoch: [11]  [800/841]  eta: 0:00:41  lr: 0.000073  loss_mlm: 0.0534  loss_ita: 8.5939  loss_itm: 0.6279  time: 1.0346  data: 0.1278  max mem: 24932
Train Epoch: [11]  [840/841]  eta: 0:00:01  lr: 0.000073  loss_mlm: 0.0004  loss_ita: 8.6502  loss_itm: 0.6179  time: 1.0054  data: 0.0997  max mem: 24932
Train Epoch: [11] Total time: 0:14:14 (1.0165 s / it)
Averaged stats: lr: 0.0001  loss_mlm: 0.0455  loss_ita: 8.6960  loss_itm: 0.6151
Train Epoch: [12]  [  0/841]  eta: 1:22:42  lr: 0.000069  loss_mlm: 0.0002  loss_ita: 8.6844  loss_itm: 0.6174  time: 5.9007  data: 4.8335  max mem: 24932
Train Epoch: [12]  [ 50/841]  eta: 0:14:46  lr: 0.000069  loss_mlm: 0.0336  loss_ita: 8.6852  loss_itm: 0.6167  time: 1.0188  data: 0.1165  max mem: 24932
Train Epoch: [12]  [100/841]  eta: 0:13:02  lr: 0.000069  loss_mlm: 0.3556  loss_ita: 8.8971  loss_itm: 0.6096  time: 0.9836  data: 0.0842  max mem: 24932
Train Epoch: [12]  [150/841]  eta: 0:11:50  lr: 0.000069  loss_mlm: 0.0002  loss_ita: 8.8550  loss_itm: 0.6203  time: 0.9681  data: 0.0667  max mem: 24932
Train Epoch: [12]  [200/841]  eta: 0:10:56  lr: 0.000069  loss_mlm: 0.1275  loss_ita: 8.7438  loss_itm: 0.5980  time: 1.0249  data: 0.0002  max mem: 24932
Train Epoch: [12]  [250/841]  eta: 0:10:04  lr: 0.000069  loss_mlm: 0.0111  loss_ita: 8.6689  loss_itm: 0.6179  time: 1.0055  data: 0.0002  max mem: 24932
Train Epoch: [12]  [300/841]  eta: 0:09:12  lr: 0.000069  loss_mlm: 0.0001  loss_ita: 8.7000  loss_itm: 0.6303  time: 0.9905  data: 0.0002  max mem: 24932
Train Epoch: [12]  [350/841]  eta: 0:08:21  lr: 0.000069  loss_mlm: 0.0187  loss_ita: 8.6151  loss_itm: 0.6204  time: 1.0227  data: 0.0002  max mem: 24932
Train Epoch: [12]  [400/841]  eta: 0:07:30  lr: 0.000069  loss_mlm: 0.0280  loss_ita: 8.7084  loss_itm: 0.6176  time: 1.0393  data: 0.0002  max mem: 24932
Train Epoch: [12]  [450/841]  eta: 0:06:40  lr: 0.000069  loss_mlm: 0.0037  loss_ita: 8.7561  loss_itm: 0.6371  time: 1.0322  data: 0.0002  max mem: 24932
Train Epoch: [12]  [500/841]  eta: 0:05:49  lr: 0.000069  loss_mlm: 0.0073  loss_ita: 8.7556  loss_itm: 0.6217  time: 1.0363  data: 0.0002  max mem: 24932
Train Epoch: [12]  [550/841]  eta: 0:04:58  lr: 0.000069  loss_mlm: 0.0007  loss_ita: 8.6384  loss_itm: 0.6198  time: 1.0473  data: 0.0002  max mem: 24932
Train Epoch: [12]  [600/841]  eta: 0:04:07  lr: 0.000069  loss_mlm: 0.1365  loss_ita: 8.7547  loss_itm: 0.6094  time: 1.0408  data: 0.0002  max mem: 24932
Train Epoch: [12]  [650/841]  eta: 0:03:15  lr: 0.000069  loss_mlm: 0.0134  loss_ita: 8.6500  loss_itm: 0.6066  time: 1.0358  data: 0.0002  max mem: 24932
Train Epoch: [12]  [700/841]  eta: 0:02:24  lr: 0.000069  loss_mlm: 0.1436  loss_ita: 8.5033  loss_itm: 0.6074  time: 1.0074  data: 0.0001  max mem: 24932
Train Epoch: [12]  [750/841]  eta: 0:01:33  lr: 0.000069  loss_mlm: 0.0325  loss_ita: 8.8428  loss_itm: 0.6117  time: 1.0398  data: 0.0002  max mem: 24932
Train Epoch: [12]  [800/841]  eta: 0:00:42  lr: 0.000069  loss_mlm: 0.0162  loss_ita: 8.8577  loss_itm: 0.6020  time: 1.0065  data: 0.0002  max mem: 24932
Train Epoch: [12]  [840/841]  eta: 0:00:01  lr: 0.000069  loss_mlm: 0.0324  loss_ita: 8.9785  loss_itm: 0.6142  time: 0.9886  data: 0.0003  max mem: 24932
Train Epoch: [12] Total time: 0:14:21 (1.0240 s / it)
Averaged stats: lr: 0.0001  loss_mlm: 0.0514  loss_ita: 8.7229  loss_itm: 0.6164
Train Epoch: [13]  [  0/841]  eta: 1:20:59  lr: 0.000064  loss_mlm: 0.0039  loss_ita: 8.8853  loss_itm: 0.6220  time: 5.7779  data: 4.8085  max mem: 24932
Train Epoch: [13]  [ 50/841]  eta: 0:14:23  lr: 0.000064  loss_mlm: 0.1169  loss_ita: 8.9243  loss_itm: 0.6153  time: 0.9906  data: 0.0776  max mem: 24932
Train Epoch: [13]  [100/841]  eta: 0:12:52  lr: 0.000064  loss_mlm: 0.0849  loss_ita: 8.8153  loss_itm: 0.5852  time: 1.0035  data: 0.0938  max mem: 24932
Train Epoch: [13]  [150/841]  eta: 0:11:47  lr: 0.000064  loss_mlm: 0.0320  loss_ita: 8.5172  loss_itm: 0.6107  time: 0.9869  data: 0.0002  max mem: 24932
Train Epoch: [13]  [200/841]  eta: 0:10:51  lr: 0.000064  loss_mlm: 0.0057  loss_ita: 8.8105  loss_itm: 0.6162  time: 0.9963  data: 0.0002  max mem: 24932
Train Epoch: [13]  [250/841]  eta: 0:09:58  lr: 0.000064  loss_mlm: 0.0487  loss_ita: 8.7924  loss_itm: 0.6133  time: 0.9726  data: 0.0002  max mem: 24932
Train Epoch: [13]  [300/841]  eta: 0:09:04  lr: 0.000064  loss_mlm: 0.1565  loss_ita: 8.8250  loss_itm: 0.6248  time: 0.9716  data: 0.0002  max mem: 24932
Train Epoch: [13]  [350/841]  eta: 0:08:14  lr: 0.000064  loss_mlm: 0.0452  loss_ita: 8.7705  loss_itm: 0.6206  time: 1.0063  data: 0.0002  max mem: 24932
Train Epoch: [13]  [400/841]  eta: 0:07:24  lr: 0.000064  loss_mlm: 0.0124  loss_ita: 8.7162  loss_itm: 0.6010  time: 1.0183  data: 0.0002  max mem: 24932
Train Epoch: [13]  [450/841]  eta: 0:06:33  lr: 0.000064  loss_mlm: 0.0369  loss_ita: 8.7387  loss_itm: 0.6366  time: 1.0103  data: 0.0002  max mem: 24932
Train Epoch: [13]  [500/841]  eta: 0:05:43  lr: 0.000064  loss_mlm: 0.0050  loss_ita: 8.5419  loss_itm: 0.6118  time: 1.0022  data: 0.0002  max mem: 24932
Train Epoch: [13]  [550/841]  eta: 0:04:52  lr: 0.000064  loss_mlm: 0.0224  loss_ita: 8.7226  loss_itm: 0.6108  time: 1.0039  data: 0.0002  max mem: 24932
Train Epoch: [13]  [600/841]  eta: 0:04:03  lr: 0.000064  loss_mlm: 0.0367  loss_ita: 8.7133  loss_itm: 0.6201  time: 1.0329  data: 0.0002  max mem: 24932
Train Epoch: [13]  [650/841]  eta: 0:03:12  lr: 0.000064  loss_mlm: 0.0183  loss_ita: 8.6795  loss_itm: 0.6172  time: 1.0100  data: 0.0002  max mem: 24932
Train Epoch: [13]  [700/841]  eta: 0:02:22  lr: 0.000064  loss_mlm: 0.0197  loss_ita: 8.6629  loss_itm: 0.6227  time: 1.0006  data: 0.0002  max mem: 24932
Train Epoch: [13]  [750/841]  eta: 0:01:31  lr: 0.000064  loss_mlm: 0.0196  loss_ita: 8.5825  loss_itm: 0.6090  time: 1.0112  data: 0.0002  max mem: 24932
Train Epoch: [13]  [800/841]  eta: 0:00:41  lr: 0.000064  loss_mlm: 0.0351  loss_ita: 8.6667  loss_itm: 0.6163  time: 1.0059  data: 0.0002  max mem: 24932
Train Epoch: [13]  [840/841]  eta: 0:00:01  lr: 0.000064  loss_mlm: 0.0009  loss_ita: 8.6221  loss_itm: 0.6108  time: 0.9729  data: 0.0003  max mem: 24932
Train Epoch: [13] Total time: 0:14:08 (1.0087 s / it)
Averaged stats: lr: 0.0001  loss_mlm: 0.0503  loss_ita: 8.7187  loss_itm: 0.6149
Train Epoch: [14]  [  0/841]  eta: 1:21:11  lr: 0.000060  loss_mlm: 0.0788  loss_ita: 8.6681  loss_itm: 0.6205  time: 5.7927  data: 4.7831  max mem: 24932
Train Epoch: [14]  [ 50/841]  eta: 0:14:45  lr: 0.000060  loss_mlm: 0.0179  loss_ita: 8.6534  loss_itm: 0.6252  time: 1.0344  data: 0.0002  max mem: 24932
Train Epoch: [14]  [100/841]  eta: 0:13:05  lr: 0.000060  loss_mlm: 0.3365  loss_ita: 8.6447  loss_itm: 0.6200  time: 0.9884  data: 0.0002  max mem: 24932
Train Epoch: [14]  [150/841]  eta: 0:11:57  lr: 0.000060  loss_mlm: 0.0490  loss_ita: 8.8159  loss_itm: 0.6157  time: 0.9825  data: 0.0002  max mem: 24932
Train Epoch: [14]  [200/841]  eta: 0:10:58  lr: 0.000060  loss_mlm: 0.0004  loss_ita: 8.8419  loss_itm: 0.6263  time: 1.0056  data: 0.0002  max mem: 24932
Train Epoch: [14]  [250/841]  eta: 0:10:03  lr: 0.000060  loss_mlm: 0.0479  loss_ita: 8.9266  loss_itm: 0.6289  time: 1.0114  data: 0.0002  max mem: 24932
Train Epoch: [14]  [300/841]  eta: 0:09:10  lr: 0.000060  loss_mlm: 0.0121  loss_ita: 8.8101  loss_itm: 0.6043  time: 0.9807  data: 0.0002  max mem: 24932
Train Epoch: [14]  [350/841]  eta: 0:08:17  lr: 0.000060  loss_mlm: 0.1764  loss_ita: 8.7697  loss_itm: 0.6182  time: 0.9910  data: 0.0002  max mem: 24932
Train Epoch: [14]  [400/841]  eta: 0:07:26  lr: 0.000060  loss_mlm: 0.0332  loss_ita: 8.7825  loss_itm: 0.6058  time: 0.9856  data: 0.0002  max mem: 24933
Train Epoch: [14]  [450/841]  eta: 0:06:34  lr: 0.000060  loss_mlm: 0.1091  loss_ita: 8.7621  loss_itm: 0.6072  time: 0.9990  data: 0.0002  max mem: 24933
Train Epoch: [14]  [500/841]  eta: 0:05:44  lr: 0.000060  loss_mlm: 0.0431  loss_ita: 8.9913  loss_itm: 0.6120  time: 1.0052  data: 0.0002  max mem: 24933
Train Epoch: [14]  [550/841]  eta: 0:04:52  lr: 0.000060  loss_mlm: 0.0016  loss_ita: 8.8197  loss_itm: 0.6223  time: 0.9780  data: 0.0002  max mem: 24933
Train Epoch: [14]  [600/841]  eta: 0:04:02  lr: 0.000060  loss_mlm: 0.0260  loss_ita: 8.7519  loss_itm: 0.5825  time: 1.0107  data: 0.0002  max mem: 24933
Train Epoch: [14]  [650/841]  eta: 0:03:12  lr: 0.000060  loss_mlm: 0.0005  loss_ita: 8.6967  loss_itm: 0.6062  time: 1.0170  data: 0.0002  max mem: 24933
Train Epoch: [14]  [700/841]  eta: 0:02:21  lr: 0.000060  loss_mlm: 0.0451  loss_ita: 8.6668  loss_itm: 0.6120  time: 0.9894  data: 0.0002  max mem: 24933
Train Epoch: [14]  [750/841]  eta: 0:01:31  lr: 0.000060  loss_mlm: 0.0008  loss_ita: 8.7451  loss_itm: 0.6138  time: 1.0130  data: 0.0002  max mem: 24933
Train Epoch: [14]  [800/841]  eta: 0:00:41  lr: 0.000060  loss_mlm: 0.0006  loss_ita: 8.6394  loss_itm: 0.5987  time: 1.0029  data: 0.0002  max mem: 24933
Train Epoch: [14]  [840/841]  eta: 0:00:01  lr: 0.000060  loss_mlm: 0.0043  loss_ita: 8.5695  loss_itm: 0.6314  time: 0.9847  data: 0.0008  max mem: 24933
Train Epoch: [14] Total time: 0:14:05 (1.0057 s / it)
Averaged stats: lr: 0.0001  loss_mlm: 0.0499  loss_ita: 8.7943  loss_itm: 0.6138
Train Epoch: [15]  [  0/841]  eta: 1:19:13  lr: 0.000055  loss_mlm: 0.0064  loss_ita: 8.6479  loss_itm: 0.5934  time: 5.6516  data: 4.6194  max mem: 24933
Train Epoch: [15]  [ 50/841]  eta: 0:14:25  lr: 0.000055  loss_mlm: 0.0518  loss_ita: 8.6967  loss_itm: 0.6017  time: 0.9892  data: 0.0002  max mem: 24933
Train Epoch: [15]  [100/841]  eta: 0:13:02  lr: 0.000055  loss_mlm: 0.0723  loss_ita: 8.8226  loss_itm: 0.6084  time: 1.0443  data: 0.0002  max mem: 24933
Train Epoch: [15]  [150/841]  eta: 0:11:55  lr: 0.000055  loss_mlm: 0.0278  loss_ita: 8.6285  loss_itm: 0.5986  time: 1.0027  data: 0.0002  max mem: 24933
Train Epoch: [15]  [200/841]  eta: 0:10:58  lr: 0.000055  loss_mlm: 0.0817  loss_ita: 8.6153  loss_itm: 0.6070  time: 0.9919  data: 0.0002  max mem: 24933
Train Epoch: [15]  [250/841]  eta: 0:10:02  lr: 0.000055  loss_mlm: 0.0058  loss_ita: 8.8058  loss_itm: 0.6287  time: 0.9880  data: 0.0002  max mem: 24933
Train Epoch: [15]  [300/841]  eta: 0:09:10  lr: 0.000055  loss_mlm: 0.0129  loss_ita: 8.6532  loss_itm: 0.6109  time: 1.0154  data: 0.0002  max mem: 24933
Train Epoch: [15]  [350/841]  eta: 0:08:17  lr: 0.000055  loss_mlm: 0.0591  loss_ita: 8.6204  loss_itm: 0.6038  time: 0.9579  data: 0.0002  max mem: 24933
Train Epoch: [15]  [400/841]  eta: 0:07:26  lr: 0.000055  loss_mlm: 0.2304  loss_ita: 8.6642  loss_itm: 0.6222  time: 1.0174  data: 0.0002  max mem: 24933
Train Epoch: [15]  [450/841]  eta: 0:06:34  lr: 0.000055  loss_mlm: 0.0153  loss_ita: 8.8544  loss_itm: 0.6406  time: 1.0027  data: 0.0002  max mem: 24933
Train Epoch: [15]  [500/841]  eta: 0:05:44  lr: 0.000055  loss_mlm: 0.0008  loss_ita: 8.6100  loss_itm: 0.6176  time: 0.9878  data: 0.0002  max mem: 24933
Train Epoch: [15]  [550/841]  eta: 0:04:53  lr: 0.000055  loss_mlm: 0.0288  loss_ita: 8.7722  loss_itm: 0.6325  time: 1.0162  data: 0.0002  max mem: 24933
Train Epoch: [15]  [600/841]  eta: 0:04:02  lr: 0.000055  loss_mlm: 0.0014  loss_ita: 8.7641  loss_itm: 0.6220  time: 0.9945  data: 0.0002  max mem: 24933
Train Epoch: [15]  [650/841]  eta: 0:03:12  lr: 0.000055  loss_mlm: 0.0003  loss_ita: 8.7538  loss_itm: 0.6198  time: 1.0119  data: 0.0002  max mem: 24933
Train Epoch: [15]  [700/841]  eta: 0:02:22  lr: 0.000055  loss_mlm: 0.0593  loss_ita: 8.8177  loss_itm: 0.5974  time: 1.0029  data: 0.0002  max mem: 24933
Train Epoch: [15]  [750/841]  eta: 0:01:31  lr: 0.000055  loss_mlm: 0.0342  loss_ita: 8.6119  loss_itm: 0.6209  time: 1.0110  data: 0.0002  max mem: 24933
Train Epoch: [15]  [800/841]  eta: 0:00:41  lr: 0.000055  loss_mlm: 0.1141  loss_ita: 8.5284  loss_itm: 0.6095  time: 1.0030  data: 0.0002  max mem: 24933
Train Epoch: [15]  [840/841]  eta: 0:00:01  lr: 0.000055  loss_mlm: 0.0002  loss_ita: 8.4420  loss_itm: 0.6242  time: 0.9765  data: 0.0004  max mem: 24933
Train Epoch: [15] Total time: 0:14:06 (1.0067 s / it)
Averaged stats: lr: 0.0001  loss_mlm: 0.0475  loss_ita: 8.6924  loss_itm: 0.6148
Train Epoch: [16]  [  0/841]  eta: 1:20:03  lr: 0.000050  loss_mlm: 0.0311  loss_ita: 8.3706  loss_itm: 0.6057  time: 5.7117  data: 4.6917  max mem: 24933
Train Epoch: [16]  [ 50/841]  eta: 0:14:28  lr: 0.000050  loss_mlm: 0.0003  loss_ita: 8.4268  loss_itm: 0.6152  time: 1.0110  data: 0.0001  max mem: 24933
Train Epoch: [16]  [100/841]  eta: 0:13:02  lr: 0.000050  loss_mlm: 0.2313  loss_ita: 8.5660  loss_itm: 0.6154  time: 1.0024  data: 0.0002  max mem: 24933
Train Epoch: [16]  [150/841]  eta: 0:11:59  lr: 0.000050  loss_mlm: 0.0103  loss_ita: 8.5978  loss_itm: 0.5981  time: 1.0138  data: 0.0002  max mem: 24933
Train Epoch: [16]  [200/841]  eta: 0:10:59  lr: 0.000050  loss_mlm: 0.2617  loss_ita: 8.6297  loss_itm: 0.6186  time: 0.9946  data: 0.0001  max mem: 24934
Train Epoch: [16]  [250/841]  eta: 0:10:03  lr: 0.000050  loss_mlm: 0.0647  loss_ita: 8.6862  loss_itm: 0.6232  time: 1.0169  data: 0.0002  max mem: 24934
Train Epoch: [16]  [300/841]  eta: 0:09:10  lr: 0.000050  loss_mlm: 0.0002  loss_ita: 8.8949  loss_itm: 0.5951  time: 1.0011  data: 0.0002  max mem: 24934
Train Epoch: [16]  [350/841]  eta: 0:08:18  lr: 0.000050  loss_mlm: 0.0003  loss_ita: 9.0619  loss_itm: 0.6266  time: 0.9887  data: 0.0002  max mem: 24934
Train Epoch: [16]  [400/841]  eta: 0:07:26  lr: 0.000050  loss_mlm: 0.0198  loss_ita: 8.6662  loss_itm: 0.6180  time: 0.9857  data: 0.0002  max mem: 24934
Train Epoch: [16]  [450/841]  eta: 0:06:35  lr: 0.000050  loss_mlm: 0.1512  loss_ita: 8.5826  loss_itm: 0.6026  time: 1.0017  data: 0.0002  max mem: 24934
Train Epoch: [16]  [500/841]  eta: 0:05:44  lr: 0.000050  loss_mlm: 0.0041  loss_ita: 8.7243  loss_itm: 0.6083  time: 0.9993  data: 0.0002  max mem: 24934
Train Epoch: [16]  [550/841]  eta: 0:04:54  lr: 0.000050  loss_mlm: 0.0003  loss_ita: 8.5248  loss_itm: 0.5905  time: 1.0025  data: 0.0002  max mem: 24934
Train Epoch: [16]  [600/841]  eta: 0:04:03  lr: 0.000050  loss_mlm: 0.0125  loss_ita: 8.4078  loss_itm: 0.6113  time: 1.0094  data: 0.0002  max mem: 24934
Train Epoch: [16]  [650/841]  eta: 0:03:13  lr: 0.000050  loss_mlm: 0.0845  loss_ita: 8.5417  loss_itm: 0.6179  time: 1.0181  data: 0.0002  max mem: 24934
Train Epoch: [16]  [700/841]  eta: 0:02:22  lr: 0.000050  loss_mlm: 0.0432  loss_ita: 8.5000  loss_itm: 0.6118  time: 0.9988  data: 0.0002  max mem: 24934
Train Epoch: [16]  [750/841]  eta: 0:01:31  lr: 0.000050  loss_mlm: 0.0703  loss_ita: 8.3533  loss_itm: 0.6027  time: 0.9962  data: 0.0001  max mem: 24934
Train Epoch: [16]  [800/841]  eta: 0:00:41  lr: 0.000050  loss_mlm: 0.0089  loss_ita: 8.7330  loss_itm: 0.6502  time: 1.0075  data: 0.0001  max mem: 24934
Train Epoch: [16]  [840/841]  eta: 0:00:01  lr: 0.000050  loss_mlm: 0.0003  loss_ita: 8.5152  loss_itm: 0.5966  time: 0.9987  data: 0.0003  max mem: 24934
Train Epoch: [16] Total time: 0:14:09 (1.0096 s / it)
Averaged stats: lr: 0.0001  loss_mlm: 0.0436  loss_ita: 8.6354  loss_itm: 0.6130
Train Epoch: [17]  [  0/841]  eta: 1:22:24  lr: 0.000046  loss_mlm: 0.0038  loss_ita: 8.5061  loss_itm: 0.5868  time: 5.8790  data: 4.9801  max mem: 24934
Train Epoch: [17]  [ 50/841]  eta: 0:14:23  lr: 0.000046  loss_mlm: 0.0003  loss_ita: 8.7021  loss_itm: 0.6139  time: 1.0030  data: 0.0993  max mem: 24934
Train Epoch: [17]  [100/841]  eta: 0:12:57  lr: 0.000046  loss_mlm: 0.0192  loss_ita: 8.7899  loss_itm: 0.6342  time: 1.0085  data: 0.1001  max mem: 24934
Train Epoch: [17]  [150/841]  eta: 0:12:00  lr: 0.000046  loss_mlm: 0.0611  loss_ita: 8.6689  loss_itm: 0.6220  time: 1.0164  data: 0.1085  max mem: 24934
Train Epoch: [17]  [200/841]  eta: 0:11:03  lr: 0.000046  loss_mlm: 0.0002  loss_ita: 8.8553  loss_itm: 0.6165  time: 1.0093  data: 0.0988  max mem: 24934
Train Epoch: [17]  [250/841]  eta: 0:10:09  lr: 0.000046  loss_mlm: 0.0074  loss_ita: 8.7335  loss_itm: 0.6233  time: 1.0067  data: 0.0991  max mem: 24934
Train Epoch: [17]  [300/841]  eta: 0:09:17  lr: 0.000046  loss_mlm: 0.0098  loss_ita: 8.6232  loss_itm: 0.6089  time: 1.0484  data: 0.1453  max mem: 24934
Train Epoch: [17]  [350/841]  eta: 0:08:25  lr: 0.000046  loss_mlm: 0.0165  loss_ita: 8.5426  loss_itm: 0.6043  time: 0.9948  data: 0.0895  max mem: 24934
Train Epoch: [17]  [400/841]  eta: 0:07:31  lr: 0.000046  loss_mlm: 0.0004  loss_ita: 8.5978  loss_itm: 0.6259  time: 1.0104  data: 0.1109  max mem: 24934
Train Epoch: [17]  [450/841]  eta: 0:06:40  lr: 0.000046  loss_mlm: 0.0325  loss_ita: 8.6898  loss_itm: 0.6261  time: 1.0039  data: 0.1025  max mem: 24934
Train Epoch: [17]  [500/841]  eta: 0:05:48  lr: 0.000046  loss_mlm: 0.0001  loss_ita: 8.3379  loss_itm: 0.5818  time: 1.0242  data: 0.1212  max mem: 24934
Train Epoch: [17]  [550/841]  eta: 0:04:56  lr: 0.000046  loss_mlm: 0.0380  loss_ita: 8.5757  loss_itm: 0.6054  time: 1.0074  data: 0.0968  max mem: 24934
Train Epoch: [17]  [600/841]  eta: 0:04:05  lr: 0.000046  loss_mlm: 0.0208  loss_ita: 8.4911  loss_itm: 0.6103  time: 1.0205  data: 0.1147  max mem: 24934
Train Epoch: [17]  [650/841]  eta: 0:03:14  lr: 0.000046  loss_mlm: 0.0225  loss_ita: 8.5709  loss_itm: 0.6208  time: 0.9932  data: 0.0843  max mem: 24934
Train Epoch: [17]  [700/841]  eta: 0:02:23  lr: 0.000046  loss_mlm: 0.0403  loss_ita: 8.6686  loss_itm: 0.6340  time: 1.0136  data: 0.1027  max mem: 24934
Train Epoch: [17]  [750/841]  eta: 0:01:32  lr: 0.000046  loss_mlm: 0.0951  loss_ita: 8.6412  loss_itm: 0.6200  time: 0.9825  data: 0.0742  max mem: 24934
Train Epoch: [17]  [800/841]  eta: 0:00:41  lr: 0.000046  loss_mlm: 0.1856  loss_ita: 8.5742  loss_itm: 0.6170  time: 1.0126  data: 0.1057  max mem: 24934
Train Epoch: [17]  [840/841]  eta: 0:00:01  lr: 0.000046  loss_mlm: 0.0024  loss_ita: 8.5473  loss_itm: 0.5982  time: 1.0144  data: 0.1096  max mem: 24934
Train Epoch: [17] Total time: 0:14:14 (1.0164 s / it)
Averaged stats: lr: 0.0000  loss_mlm: 0.0427  loss_ita: 8.6307  loss_itm: 0.6137
Train Epoch: [18]  [  0/841]  eta: 1:21:37  lr: 0.000041  loss_mlm: 0.1488  loss_ita: 8.7162  loss_itm: 0.6192  time: 5.8231  data: 4.8286  max mem: 24934
Train Epoch: [18]  [ 50/841]  eta: 0:14:31  lr: 0.000041  loss_mlm: 0.0002  loss_ita: 8.7335  loss_itm: 0.6111  time: 0.9913  data: 0.0002  max mem: 24934
Train Epoch: [18]  [100/841]  eta: 0:12:56  lr: 0.000041  loss_mlm: 0.1117  loss_ita: 8.9709  loss_itm: 0.6244  time: 0.9924  data: 0.0002  max mem: 24934
Train Epoch: [18]  [150/841]  eta: 0:11:53  lr: 0.000041  loss_mlm: 0.0002  loss_ita: 8.7349  loss_itm: 0.6021  time: 1.0173  data: 0.0002  max mem: 24934
Train Epoch: [18]  [200/841]  eta: 0:10:55  lr: 0.000041  loss_mlm: 0.1403  loss_ita: 8.6636  loss_itm: 0.6188  time: 0.9835  data: 0.0002  max mem: 24934
Train Epoch: [18]  [250/841]  eta: 0:09:59  lr: 0.000041  loss_mlm: 0.0002  loss_ita: 8.6283  loss_itm: 0.5956  time: 0.9776  data: 0.0001  max mem: 24934
Train Epoch: [18]  [300/841]  eta: 0:09:07  lr: 0.000041  loss_mlm: 0.0001  loss_ita: 8.8067  loss_itm: 0.6230  time: 1.0064  data: 0.0002  max mem: 24934
Train Epoch: [18]  [350/841]  eta: 0:08:14  lr: 0.000041  loss_mlm: 0.0606  loss_ita: 8.8214  loss_itm: 0.6241  time: 0.9774  data: 0.0002  max mem: 24934
Train Epoch: [18]  [400/841]  eta: 0:07:23  lr: 0.000041  loss_mlm: 0.0581  loss_ita: 8.7118  loss_itm: 0.6174  time: 0.9950  data: 0.0001  max mem: 24934
Train Epoch: [18]  [450/841]  eta: 0:06:33  lr: 0.000041  loss_mlm: 0.1095  loss_ita: 8.6656  loss_itm: 0.6119  time: 0.9982  data: 0.0002  max mem: 24934
Train Epoch: [18]  [500/841]  eta: 0:05:42  lr: 0.000041  loss_mlm: 0.1342  loss_ita: 8.5402  loss_itm: 0.5994  time: 1.0041  data: 0.0001  max mem: 24934
Train Epoch: [18]  [550/841]  eta: 0:04:51  lr: 0.000041  loss_mlm: 0.0923  loss_ita: 8.6788  loss_itm: 0.6066  time: 0.9728  data: 0.0001  max mem: 24934
Train Epoch: [18]  [600/841]  eta: 0:04:02  lr: 0.000041  loss_mlm: 0.0254  loss_ita: 8.6501  loss_itm: 0.6020  time: 1.0270  data: 0.0001  max mem: 24934
Train Epoch: [18]  [650/841]  eta: 0:03:11  lr: 0.000041  loss_mlm: 0.0001  loss_ita: 8.6919  loss_itm: 0.5960  time: 1.0123  data: 0.0001  max mem: 24934
Train Epoch: [18]  [700/841]  eta: 0:02:21  lr: 0.000041  loss_mlm: 0.0001  loss_ita: 8.6680  loss_itm: 0.6098  time: 1.0031  data: 0.0001  max mem: 24934
Train Epoch: [18]  [750/841]  eta: 0:01:31  lr: 0.000041  loss_mlm: 0.0001  loss_ita: 8.6273  loss_itm: 0.6303  time: 1.0040  data: 0.0001  max mem: 24934
Train Epoch: [18]  [800/841]  eta: 0:00:41  lr: 0.000041  loss_mlm: 0.0394  loss_ita: 8.6138  loss_itm: 0.6124  time: 1.0174  data: 0.0002  max mem: 24934
Train Epoch: [18]  [840/841]  eta: 0:00:01  lr: 0.000041  loss_mlm: 0.1022  loss_ita: 8.5291  loss_itm: 0.6050  time: 0.9811  data: 0.0003  max mem: 24934
Train Epoch: [18] Total time: 0:14:05 (1.0048 s / it)
Averaged stats: lr: 0.0000  loss_mlm: 0.0418  loss_ita: 8.6815  loss_itm: 0.6126
Train Epoch: [19]  [  0/841]  eta: 1:21:32  lr: 0.000037  loss_mlm: 0.0934  loss_ita: 8.5400  loss_itm: 0.6239  time: 5.8176  data: 4.8625  max mem: 24934
Train Epoch: [19]  [ 50/841]  eta: 0:14:25  lr: 0.000037  loss_mlm: 0.0259  loss_ita: 8.6127  loss_itm: 0.6067  time: 0.9914  data: 0.0195  max mem: 24934
Train Epoch: [19]  [100/841]  eta: 0:12:54  lr: 0.000037  loss_mlm: 0.0002  loss_ita: 8.6471  loss_itm: 0.6064  time: 1.0001  data: 0.0001  max mem: 24934
Train Epoch: [19]  [150/841]  eta: 0:11:48  lr: 0.000037  loss_mlm: 0.0634  loss_ita: 8.6642  loss_itm: 0.6108  time: 1.0173  data: 0.0001  max mem: 24934
Train Epoch: [19]  [200/841]  eta: 0:10:54  lr: 0.000037  loss_mlm: 0.0325  loss_ita: 8.7135  loss_itm: 0.6310  time: 0.9989  data: 0.0002  max mem: 24934
Train Epoch: [19]  [250/841]  eta: 0:10:00  lr: 0.000037  loss_mlm: 0.0002  loss_ita: 8.7162  loss_itm: 0.6091  time: 0.9964  data: 0.0002  max mem: 24934
Train Epoch: [19]  [300/841]  eta: 0:09:08  lr: 0.000037  loss_mlm: 0.0001  loss_ita: 8.8030  loss_itm: 0.6192  time: 1.0203  data: 0.0001  max mem: 24934
Train Epoch: [19]  [350/841]  eta: 0:08:15  lr: 0.000037  loss_mlm: 0.0002  loss_ita: 8.6928  loss_itm: 0.6036  time: 0.9680  data: 0.0002  max mem: 24934
Train Epoch: [19]  [400/841]  eta: 0:07:23  lr: 0.000037  loss_mlm: 0.0001  loss_ita: 8.7396  loss_itm: 0.6079  time: 1.0140  data: 0.0001  max mem: 24934
Train Epoch: [19]  [450/841]  eta: 0:06:33  lr: 0.000037  loss_mlm: 0.0507  loss_ita: 8.6717  loss_itm: 0.5967  time: 1.0154  data: 0.0002  max mem: 24934
Train Epoch: [19]  [500/841]  eta: 0:05:42  lr: 0.000037  loss_mlm: 0.0003  loss_ita: 8.9039  loss_itm: 0.6306  time: 1.0131  data: 0.0002  max mem: 24934
Train Epoch: [19]  [550/841]  eta: 0:04:52  lr: 0.000037  loss_mlm: 0.0354  loss_ita: 8.6585  loss_itm: 0.6022  time: 1.0057  data: 0.0002  max mem: 24934
Train Epoch: [19]  [600/841]  eta: 0:04:02  lr: 0.000037  loss_mlm: 0.1888  loss_ita: 8.6241  loss_itm: 0.5885  time: 1.0195  data: 0.0002  max mem: 24934
Train Epoch: [19]  [650/841]  eta: 0:03:11  lr: 0.000037  loss_mlm: 0.0456  loss_ita: 8.7880  loss_itm: 0.6149  time: 1.0121  data: 0.0002  max mem: 24934
Train Epoch: [19]  [700/841]  eta: 0:02:21  lr: 0.000037  loss_mlm: 0.0337  loss_ita: 8.5286  loss_itm: 0.6220  time: 0.9878  data: 0.0002  max mem: 24934
Train Epoch: [19]  [750/841]  eta: 0:01:31  lr: 0.000037  loss_mlm: 0.0329  loss_ita: 8.6172  loss_itm: 0.6126  time: 1.0123  data: 0.0001  max mem: 24934
Train Epoch: [19]  [800/841]  eta: 0:00:41  lr: 0.000037  loss_mlm: 0.0137  loss_ita: 8.6830  loss_itm: 0.6032  time: 1.0107  data: 0.0003  max mem: 24934
Train Epoch: [19]  [840/841]  eta: 0:00:01  lr: 0.000037  loss_mlm: 0.0002  loss_ita: 8.7210  loss_itm: 0.6234  time: 0.9866  data: 0.0003  max mem: 24934
Train Epoch: [19] Total time: 0:14:05 (1.0054 s / it)
Averaged stats: lr: 0.0000  loss_mlm: 0.0422  loss_ita: 8.6861  loss_itm: 0.6109
Train Epoch: [20]  [  0/841]  eta: 1:22:41  lr: 0.000033  loss_mlm: 0.0002  loss_ita: 8.7989  loss_itm: 0.6202  time: 5.8994  data: 4.9993  max mem: 24934
Train Epoch: [20]  [ 50/841]  eta: 0:14:24  lr: 0.000033  loss_mlm: 0.0004  loss_ita: 8.7975  loss_itm: 0.6085  time: 0.9952  data: 0.0052  max mem: 24934
Train Epoch: [20]  [100/841]  eta: 0:12:58  lr: 0.000033  loss_mlm: 0.1240  loss_ita: 8.6249  loss_itm: 0.6135  time: 1.0135  data: 0.0001  max mem: 24934
Train Epoch: [20]  [150/841]  eta: 0:11:49  lr: 0.000033  loss_mlm: 0.0003  loss_ita: 8.7291  loss_itm: 0.6151  time: 0.9854  data: 0.0002  max mem: 24934
Train Epoch: [20]  [200/841]  eta: 0:10:53  lr: 0.000033  loss_mlm: 0.0007  loss_ita: 8.6346  loss_itm: 0.6142  time: 0.9840  data: 0.0002  max mem: 24934
Train Epoch: [20]  [250/841]  eta: 0:09:59  lr: 0.000033  loss_mlm: 0.1101  loss_ita: 8.6796  loss_itm: 0.5838  time: 1.0217  data: 0.0002  max mem: 24934
Train Epoch: [20]  [300/841]  eta: 0:09:07  lr: 0.000033  loss_mlm: 0.0212  loss_ita: 8.8712  loss_itm: 0.6025  time: 1.0060  data: 0.0001  max mem: 24934
Train Epoch: [20]  [350/841]  eta: 0:08:15  lr: 0.000033  loss_mlm: 0.0218  loss_ita: 8.8229  loss_itm: 0.6408  time: 0.9972  data: 0.0001  max mem: 24934
Train Epoch: [20]  [400/841]  eta: 0:07:24  lr: 0.000033  loss_mlm: 0.0423  loss_ita: 8.7228  loss_itm: 0.6018  time: 0.9791  data: 0.0011  max mem: 24934
Train Epoch: [20]  [450/841]  eta: 0:06:34  lr: 0.000033  loss_mlm: 0.0343  loss_ita: 8.6875  loss_itm: 0.5989  time: 1.0403  data: 0.1113  max mem: 24934
Train Epoch: [20]  [500/841]  eta: 0:05:44  lr: 0.000033  loss_mlm: 0.2310  loss_ita: 8.6228  loss_itm: 0.6291  time: 1.0343  data: 0.0896  max mem: 24934
Train Epoch: [20]  [550/841]  eta: 0:04:54  lr: 0.000033  loss_mlm: 0.0322  loss_ita: 8.4010  loss_itm: 0.6116  time: 1.0201  data: 0.0113  max mem: 24934
Train Epoch: [20]  [600/841]  eta: 0:04:04  lr: 0.000033  loss_mlm: 0.0003  loss_ita: 8.6606  loss_itm: 0.5986  time: 1.0180  data: 0.0196  max mem: 24934
Train Epoch: [20]  [650/841]  eta: 0:03:13  lr: 0.000033  loss_mlm: 0.0070  loss_ita: 8.6397  loss_itm: 0.5809  time: 1.0523  data: 0.0001  max mem: 24934
Train Epoch: [20]  [700/841]  eta: 0:02:23  lr: 0.000033  loss_mlm: 0.1371  loss_ita: 8.6839  loss_itm: 0.5911  time: 1.0431  data: 0.0001  max mem: 24934
Train Epoch: [20]  [750/841]  eta: 0:01:32  lr: 0.000033  loss_mlm: 0.0196  loss_ita: 8.9205  loss_itm: 0.5977  time: 1.0481  data: 0.0002  max mem: 24934
Train Epoch: [20]  [800/841]  eta: 0:00:41  lr: 0.000033  loss_mlm: 0.0309  loss_ita: 8.8366  loss_itm: 0.6015  time: 1.0647  data: 0.0001  max mem: 24934
Train Epoch: [20]  [840/841]  eta: 0:00:01  lr: 0.000033  loss_mlm: 0.0029  loss_ita: 8.8096  loss_itm: 0.6270  time: 1.0432  data: 0.0715  max mem: 24934
Train Epoch: [20] Total time: 0:14:20 (1.0235 s / it)
Averaged stats: lr: 0.0000  loss_mlm: 0.0411  loss_ita: 8.7283  loss_itm: 0.6116
Train Epoch: [21]  [  0/841]  eta: 1:21:25  lr: 0.000029  loss_mlm: 0.0130  loss_ita: 8.6233  loss_itm: 0.5922  time: 5.8090  data: 4.8592  max mem: 24934
Train Epoch: [21]  [ 50/841]  eta: 0:14:56  lr: 0.000029  loss_mlm: 0.1002  loss_ita: 8.8316  loss_itm: 0.6223  time: 1.0553  data: 0.1334  max mem: 24934
Train Epoch: [21]  [100/841]  eta: 0:13:19  lr: 0.000029  loss_mlm: 0.1659  loss_ita: 8.8668  loss_itm: 0.6068  time: 0.9923  data: 0.0881  max mem: 24934
Train Epoch: [21]  [150/841]  eta: 0:12:07  lr: 0.000029  loss_mlm: 0.0114  loss_ita: 8.8772  loss_itm: 0.6184  time: 1.0020  data: 0.0532  max mem: 24934
Train Epoch: [21]  [200/841]  eta: 0:11:10  lr: 0.000029  loss_mlm: 0.1468  loss_ita: 8.8670  loss_itm: 0.6123  time: 1.0354  data: 0.0489  max mem: 24934
Train Epoch: [21]  [250/841]  eta: 0:10:17  lr: 0.000029  loss_mlm: 0.0193  loss_ita: 8.5221  loss_itm: 0.5935  time: 1.0617  data: 0.0282  max mem: 24934
Train Epoch: [21]  [300/841]  eta: 0:09:23  lr: 0.000029  loss_mlm: 0.0282  loss_ita: 8.7314  loss_itm: 0.6253  time: 1.0205  data: 0.0001  max mem: 24934
Train Epoch: [21]  [350/841]  eta: 0:08:31  lr: 0.000029  loss_mlm: 0.0003  loss_ita: 8.6149  loss_itm: 0.6102  time: 1.0404  data: 0.0002  max mem: 24934
Train Epoch: [21]  [400/841]  eta: 0:07:39  lr: 0.000029  loss_mlm: 0.0395  loss_ita: 8.4265  loss_itm: 0.5913  time: 1.0290  data: 0.0001  max mem: 24934
Train Epoch: [21]  [450/841]  eta: 0:06:47  lr: 0.000029  loss_mlm: 0.2012  loss_ita: 8.6788  loss_itm: 0.6291  time: 1.0360  data: 0.0001  max mem: 24934
Train Epoch: [21]  [500/841]  eta: 0:05:55  lr: 0.000029  loss_mlm: 0.0001  loss_ita: 8.8096  loss_itm: 0.5995  time: 1.0494  data: 0.0002  max mem: 24934
Train Epoch: [21]  [550/841]  eta: 0:05:04  lr: 0.000029  loss_mlm: 0.0003  loss_ita: 8.8107  loss_itm: 0.6078  time: 1.0841  data: 0.0002  max mem: 24934
Train Epoch: [21]  [600/841]  eta: 0:04:12  lr: 0.000029  loss_mlm: 0.0593  loss_ita: 8.7749  loss_itm: 0.6053  time: 1.0307  data: 0.0002  max mem: 24934
Train Epoch: [21]  [650/841]  eta: 0:03:19  lr: 0.000029  loss_mlm: 0.1083  loss_ita: 8.8974  loss_itm: 0.6188  time: 1.0256  data: 0.0002  max mem: 24934
Train Epoch: [21]  [700/841]  eta: 0:02:27  lr: 0.000029  loss_mlm: 0.0686  loss_ita: 8.7482  loss_itm: 0.6006  time: 1.0543  data: 0.0002  max mem: 24934
Train Epoch: [21]  [750/841]  eta: 0:01:35  lr: 0.000029  loss_mlm: 0.0614  loss_ita: 8.8940  loss_itm: 0.6277  time: 1.0294  data: 0.0002  max mem: 24934
Train Epoch: [21]  [800/841]  eta: 0:00:42  lr: 0.000029  loss_mlm: 0.0007  loss_ita: 8.7813  loss_itm: 0.6219  time: 1.0567  data: 0.0002  max mem: 24934
Train Epoch: [21]  [840/841]  eta: 0:00:01  lr: 0.000029  loss_mlm: 0.0459  loss_ita: 8.8432  loss_itm: 0.6221  time: 1.0572  data: 0.0003  max mem: 24934
Train Epoch: [21] Total time: 0:14:41 (1.0478 s / it)
Averaged stats: lr: 0.0000  loss_mlm: 0.0415  loss_ita: 8.7439  loss_itm: 0.6132
Train Epoch: [22]  [  0/841]  eta: 1:29:36  lr: 0.000025  loss_mlm: 0.0094  loss_ita: 8.7703  loss_itm: 0.5886  time: 6.3928  data: 5.0651  max mem: 24934
Train Epoch: [22]  [ 50/841]  eta: 0:15:21  lr: 0.000025  loss_mlm: 0.0002  loss_ita: 8.7740  loss_itm: 0.6175  time: 1.0257  data: 0.0002  max mem: 24934
Train Epoch: [22]  [100/841]  eta: 0:13:38  lr: 0.000025  loss_mlm: 0.0002  loss_ita: 8.6813  loss_itm: 0.5993  time: 1.0423  data: 0.0002  max mem: 24934
Train Epoch: [22]  [150/841]  eta: 0:12:24  lr: 0.000025  loss_mlm: 0.0679  loss_ita: 8.8491  loss_itm: 0.6240  time: 1.0179  data: 0.0002  max mem: 24934
Train Epoch: [22]  [200/841]  eta: 0:11:23  lr: 0.000025  loss_mlm: 0.0482  loss_ita: 8.8037  loss_itm: 0.6249  time: 1.0321  data: 0.0002  max mem: 24934
Train Epoch: [22]  [250/841]  eta: 0:10:24  lr: 0.000025  loss_mlm: 0.0486  loss_ita: 8.7705  loss_itm: 0.6159  time: 1.0096  data: 0.0001  max mem: 24934
Train Epoch: [22]  [300/841]  eta: 0:09:30  lr: 0.000025  loss_mlm: 0.0143  loss_ita: 8.7442  loss_itm: 0.6046  time: 1.0444  data: 0.0001  max mem: 24934
Train Epoch: [22]  [350/841]  eta: 0:08:36  lr: 0.000025  loss_mlm: 0.0573  loss_ita: 8.8400  loss_itm: 0.6043  time: 1.0420  data: 0.0002  max mem: 24934
Train Epoch: [22]  [400/841]  eta: 0:07:43  lr: 0.000025  loss_mlm: 0.0014  loss_ita: 8.7971  loss_itm: 0.6050  time: 1.0373  data: 0.0002  max mem: 24934
Train Epoch: [22]  [450/841]  eta: 0:06:50  lr: 0.000025  loss_mlm: 0.0336  loss_ita: 8.5143  loss_itm: 0.6031  time: 1.0265  data: 0.0002  max mem: 24934
Train Epoch: [22]  [500/841]  eta: 0:05:57  lr: 0.000025  loss_mlm: 0.0078  loss_ita: 8.7059  loss_itm: 0.6041  time: 1.0188  data: 0.0002  max mem: 24934
Train Epoch: [22]  [550/841]  eta: 0:05:04  lr: 0.000025  loss_mlm: 0.0684  loss_ita: 8.6616  loss_itm: 0.5907  time: 1.0462  data: 0.0002  max mem: 24934
Train Epoch: [22]  [600/841]  eta: 0:04:12  lr: 0.000025  loss_mlm: 0.0593  loss_ita: 8.6854  loss_itm: 0.6067  time: 1.0550  data: 0.0002  max mem: 24934
Train Epoch: [22]  [650/841]  eta: 0:03:19  lr: 0.000025  loss_mlm: 0.0241  loss_ita: 8.8061  loss_itm: 0.6296  time: 1.0317  data: 0.0002  max mem: 24934
Train Epoch: [22]  [700/841]  eta: 0:02:27  lr: 0.000025  loss_mlm: 0.0823  loss_ita: 8.7645  loss_itm: 0.5910  time: 1.0407  data: 0.0002  max mem: 24934
Train Epoch: [22]  [750/841]  eta: 0:01:35  lr: 0.000025  loss_mlm: 0.0002  loss_ita: 8.7806  loss_itm: 0.6136  time: 1.0689  data: 0.0002  max mem: 24934
Train Epoch: [22]  [800/841]  eta: 0:00:42  lr: 0.000025  loss_mlm: 0.0220  loss_ita: 8.7357  loss_itm: 0.5994  time: 0.9974  data: 0.0002  max mem: 24934
Train Epoch: [22]  [840/841]  eta: 0:00:01  lr: 0.000025  loss_mlm: 0.1248  loss_ita: 8.7460  loss_itm: 0.6270  time: 1.0070  data: 0.0004  max mem: 24934
Train Epoch: [22] Total time: 0:14:37 (1.0437 s / it)
Averaged stats: lr: 0.0000  loss_mlm: 0.0418  loss_ita: 8.7828  loss_itm: 0.6120
Train Epoch: [23]  [  0/841]  eta: 1:19:47  lr: 0.000022  loss_mlm: 0.0544  loss_ita: 8.7414  loss_itm: 0.6203  time: 5.6929  data: 4.6840  max mem: 24934
Train Epoch: [23]  [ 50/841]  eta: 0:14:55  lr: 0.000022  loss_mlm: 0.0051  loss_ita: 8.8072  loss_itm: 0.6199  time: 1.0781  data: 0.1142  max mem: 24934
Train Epoch: [23]  [100/841]  eta: 0:14:20  lr: 0.000022  loss_mlm: 0.0424  loss_ita: 8.8041  loss_itm: 0.6144  time: 1.1511  data: 0.2350  max mem: 24934
Train Epoch: [23]  [150/841]  eta: 0:13:28  lr: 0.000022  loss_mlm: 0.0324  loss_ita: 8.9033  loss_itm: 0.6131  time: 1.1865  data: 0.2773  max mem: 24934
Train Epoch: [23]  [200/841]  eta: 0:12:33  lr: 0.000022  loss_mlm: 0.0072  loss_ita: 8.7096  loss_itm: 0.5887  time: 1.2058  data: 0.2892  max mem: 24934
Train Epoch: [23]  [250/841]  eta: 0:11:38  lr: 0.000022  loss_mlm: 0.0050  loss_ita: 8.8532  loss_itm: 0.6191  time: 1.2104  data: 0.2639  max mem: 24934
Train Epoch: [23]  [300/841]  eta: 0:10:39  lr: 0.000022  loss_mlm: 0.1859  loss_ita: 8.9926  loss_itm: 0.6186  time: 1.2074  data: 0.1428  max mem: 24934
Train Epoch: [23]  [350/841]  eta: 0:09:41  lr: 0.000022  loss_mlm: 0.0070  loss_ita: 8.7851  loss_itm: 0.6257  time: 1.2006  data: 0.0024  max mem: 24934
Train Epoch: [23]  [400/841]  eta: 0:08:42  lr: 0.000022  loss_mlm: 0.0002  loss_ita: 8.6789  loss_itm: 0.5956  time: 1.1840  data: 0.0001  max mem: 24934
Train Epoch: [23]  [450/841]  eta: 0:07:44  lr: 0.000022  loss_mlm: 0.1396  loss_ita: 8.7141  loss_itm: 0.5960  time: 1.2026  data: 0.0001  max mem: 24934
Train Epoch: [23]  [500/841]  eta: 0:06:45  lr: 0.000022  loss_mlm: 0.0473  loss_ita: 8.7437  loss_itm: 0.6038  time: 1.2310  data: 0.0001  max mem: 24934
Train Epoch: [23]  [550/841]  eta: 0:05:46  lr: 0.000022  loss_mlm: 0.0523  loss_ita: 8.8510  loss_itm: 0.6002  time: 1.2189  data: 0.0001  max mem: 24934
Train Epoch: [23]  [600/841]  eta: 0:04:46  lr: 0.000022  loss_mlm: 0.0535  loss_ita: 8.8663  loss_itm: 0.6098  time: 1.2072  data: 0.0001  max mem: 24934
Train Epoch: [23]  [650/841]  eta: 0:03:47  lr: 0.000022  loss_mlm: 0.0001  loss_ita: 8.7747  loss_itm: 0.5941  time: 1.2089  data: 0.0002  max mem: 24934
Train Epoch: [23]  [700/841]  eta: 0:02:48  lr: 0.000022  loss_mlm: 0.1087  loss_ita: 8.9256  loss_itm: 0.6283  time: 1.2086  data: 0.0052  max mem: 24934
Train Epoch: [23]  [750/841]  eta: 0:01:49  lr: 0.000022  loss_mlm: 0.0135  loss_ita: 8.8352  loss_itm: 0.6131  time: 1.2301  data: 0.0863  max mem: 24934
Train Epoch: [23]  [800/841]  eta: 0:00:49  lr: 0.000022  loss_mlm: 0.1511  loss_ita: 8.8608  loss_itm: 0.5870  time: 1.2054  data: 0.2901  max mem: 24934
Train Epoch: [23]  [840/841]  eta: 0:00:01  lr: 0.000022  loss_mlm: 0.0001  loss_ita: 8.8161  loss_itm: 0.6097  time: 1.2276  data: 0.3191  max mem: 24934
Train Epoch: [23] Total time: 0:16:48 (1.1993 s / it)
Averaged stats: lr: 0.0000  loss_mlm: 0.0394  loss_ita: 8.8027  loss_itm: 0.6099
Train Epoch: [24]  [  0/841]  eta: 1:32:42  lr: 0.000019  loss_mlm: 0.0321  loss_ita: 8.8306  loss_itm: 0.5904  time: 6.6141  data: 4.8718  max mem: 24934
Train Epoch: [24]  [ 50/841]  eta: 0:17:25  lr: 0.000019  loss_mlm: 0.0180  loss_ita: 8.8623  loss_itm: 0.6357  time: 1.2088  data: 0.0002  max mem: 24934
Train Epoch: [24]  [100/841]  eta: 0:15:32  lr: 0.000019  loss_mlm: 0.0001  loss_ita: 8.7632  loss_itm: 0.6064  time: 1.1736  data: 0.0002  max mem: 24934
Train Epoch: [24]  [150/841]  eta: 0:14:04  lr: 0.000019  loss_mlm: 0.0002  loss_ita: 8.9045  loss_itm: 0.6298  time: 1.1598  data: 0.0001  max mem: 24934
Train Epoch: [24]  [200/841]  eta: 0:12:59  lr: 0.000019  loss_mlm: 0.0227  loss_ita: 8.7205  loss_itm: 0.6055  time: 1.1622  data: 0.0002  max mem: 24934
Train Epoch: [24]  [250/841]  eta: 0:11:53  lr: 0.000019  loss_mlm: 0.0567  loss_ita: 8.7035  loss_itm: 0.6284  time: 1.1589  data: 0.0002  max mem: 24934
Train Epoch: [24]  [300/841]  eta: 0:10:53  lr: 0.000019  loss_mlm: 0.0243  loss_ita: 8.7611  loss_itm: 0.5892  time: 1.1968  data: 0.0001  max mem: 24934
Train Epoch: [24]  [350/841]  eta: 0:09:51  lr: 0.000019  loss_mlm: 0.0467  loss_ita: 8.6566  loss_itm: 0.6220  time: 1.1696  data: 0.0002  max mem: 24934
Train Epoch: [24]  [400/841]  eta: 0:08:53  lr: 0.000019  loss_mlm: 0.0497  loss_ita: 8.8649  loss_itm: 0.6035  time: 1.2683  data: 0.0002  max mem: 24934
Train Epoch: [24]  [450/841]  eta: 0:07:52  lr: 0.000019  loss_mlm: 0.0317  loss_ita: 8.8180  loss_itm: 0.6148  time: 1.1965  data: 0.0002  max mem: 24934
Train Epoch: [24]  [500/841]  eta: 0:06:52  lr: 0.000019  loss_mlm: 0.0001  loss_ita: 8.7321  loss_itm: 0.6003  time: 1.2031  data: 0.0001  max mem: 24934
Train Epoch: [24]  [550/841]  eta: 0:05:51  lr: 0.000019  loss_mlm: 0.1148  loss_ita: 8.9129  loss_itm: 0.6285  time: 1.2121  data: 0.0002  max mem: 24934
Train Epoch: [24]  [600/841]  eta: 0:04:52  lr: 0.000019  loss_mlm: 0.2069  loss_ita: 8.8256  loss_itm: 0.6130  time: 1.2557  data: 0.0002  max mem: 24934
Train Epoch: [24]  [650/841]  eta: 0:03:51  lr: 0.000019  loss_mlm: 0.0356  loss_ita: 8.8563  loss_itm: 0.6042  time: 1.1779  data: 0.0001  max mem: 24934
Train Epoch: [24]  [700/841]  eta: 0:02:51  lr: 0.000019  loss_mlm: 0.0002  loss_ita: 8.6614  loss_itm: 0.6077  time: 1.2099  data: 0.0002  max mem: 24934
Train Epoch: [24]  [750/841]  eta: 0:01:50  lr: 0.000019  loss_mlm: 0.0541  loss_ita: 8.8519  loss_itm: 0.6139  time: 1.2015  data: 0.0001  max mem: 24934
Train Epoch: [24]  [800/841]  eta: 0:00:49  lr: 0.000019  loss_mlm: 0.1331  loss_ita: 8.6686  loss_itm: 0.5917  time: 1.1804  data: 0.0002  max mem: 24934
Train Epoch: [24]  [840/841]  eta: 0:00:01  lr: 0.000019  loss_mlm: 0.0402  loss_ita: 8.7713  loss_itm: 0.6037  time: 1.2913  data: 0.0003  max mem: 24934
Train Epoch: [24] Total time: 0:17:01 (1.2152 s / it)
Averaged stats: lr: 0.0000  loss_mlm: 0.0388  loss_ita: 8.7604  loss_itm: 0.6088
Train Epoch: [25]  [  0/841]  eta: 2:29:24  lr: 0.000016  loss_mlm: 0.0112  loss_ita: 8.7361  loss_itm: 0.6188  time: 10.6591  data: 8.3071  max mem: 24934
Train Epoch: [25]  [ 50/841]  eta: 0:20:13  lr: 0.000016  loss_mlm: 0.0001  loss_ita: 8.7574  loss_itm: 0.5786  time: 1.2044  data: 0.0002  max mem: 24934
Train Epoch: [25]  [100/841]  eta: 0:16:53  lr: 0.000016  loss_mlm: 0.0002  loss_ita: 8.8152  loss_itm: 0.5976  time: 1.2374  data: 0.0002  max mem: 24934
Train Epoch: [25]  [150/841]  eta: 0:14:58  lr: 0.000016  loss_mlm: 0.0034  loss_ita: 8.8071  loss_itm: 0.6067  time: 1.1830  data: 0.0002  max mem: 24934
Train Epoch: [25]  [200/841]  eta: 0:13:36  lr: 0.000016  loss_mlm: 0.0001  loss_ita: 8.7692  loss_itm: 0.6151  time: 1.1609  data: 0.0001  max mem: 24934
Train Epoch: [25]  [250/841]  eta: 0:12:22  lr: 0.000016  loss_mlm: 0.0003  loss_ita: 8.6983  loss_itm: 0.6270  time: 1.1825  data: 0.0002  max mem: 24934
Train Epoch: [25]  [300/841]  eta: 0:11:14  lr: 0.000016  loss_mlm: 0.0218  loss_ita: 8.6977  loss_itm: 0.6157  time: 1.2304  data: 0.0001  max mem: 24934
Train Epoch: [25]  [350/841]  eta: 0:10:08  lr: 0.000016  loss_mlm: 0.0771  loss_ita: 8.6111  loss_itm: 0.6016  time: 1.1665  data: 0.0002  max mem: 24934
Train Epoch: [25]  [400/841]  eta: 0:09:05  lr: 0.000016  loss_mlm: 0.1096  loss_ita: 8.7435  loss_itm: 0.6054  time: 1.1951  data: 0.0002  max mem: 24934
Train Epoch: [25]  [450/841]  eta: 0:08:00  lr: 0.000016  loss_mlm: 0.0737  loss_ita: 8.6345  loss_itm: 0.6014  time: 1.1883  data: 0.0002  max mem: 24934
Train Epoch: [25]  [500/841]  eta: 0:06:58  lr: 0.000016  loss_mlm: 0.0001  loss_ita: 8.5074  loss_itm: 0.5932  time: 1.2257  data: 0.0001  max mem: 24934
Train Epoch: [25]  [550/841]  eta: 0:05:56  lr: 0.000016  loss_mlm: 0.0506  loss_ita: 8.6700  loss_itm: 0.5997  time: 1.1676  data: 0.0002  max mem: 24934
Train Epoch: [25]  [600/841]  eta: 0:04:54  lr: 0.000016  loss_mlm: 0.0148  loss_ita: 8.7153  loss_itm: 0.6054  time: 1.1941  data: 0.0002  max mem: 24934
Train Epoch: [25]  [650/841]  eta: 0:03:53  lr: 0.000016  loss_mlm: 0.0633  loss_ita: 8.7774  loss_itm: 0.6157  time: 1.1957  data: 0.0002  max mem: 24934
Train Epoch: [25]  [700/841]  eta: 0:02:51  lr: 0.000016  loss_mlm: 0.2366  loss_ita: 8.9165  loss_itm: 0.6148  time: 1.1765  data: 0.0002  max mem: 24934
Train Epoch: [25]  [750/841]  eta: 0:01:50  lr: 0.000016  loss_mlm: 0.0001  loss_ita: 8.8270  loss_itm: 0.5928  time: 1.1362  data: 0.0003  max mem: 24934
Train Epoch: [25]  [800/841]  eta: 0:00:49  lr: 0.000016  loss_mlm: 0.0001  loss_ita: 8.8810  loss_itm: 0.6454  time: 1.2426  data: 0.0002  max mem: 24934
Train Epoch: [25]  [840/841]  eta: 0:00:01  lr: 0.000016  loss_mlm: 0.0341  loss_ita: 8.7804  loss_itm: 0.6041  time: 1.1916  data: 0.0006  max mem: 24934
Train Epoch: [25] Total time: 0:17:01 (1.2146 s / it)
Averaged stats: lr: 0.0000  loss_mlm: 0.0387  loss_ita: 8.7548  loss_itm: 0.6086
Train Epoch: [26]  [  0/841]  eta: 1:31:28  lr: 0.000014  loss_mlm: 0.1080  loss_ita: 8.8952  loss_itm: 0.5945  time: 6.5267  data: 4.7088  max mem: 24934
Train Epoch: [26]  [ 50/841]  eta: 0:16:58  lr: 0.000014  loss_mlm: 0.0397  loss_ita: 8.9618  loss_itm: 0.6160  time: 1.1990  data: 0.1737  max mem: 24934
Train Epoch: [26]  [100/841]  eta: 0:15:21  lr: 0.000014  loss_mlm: 0.0163  loss_ita: 9.0015  loss_itm: 0.6407  time: 1.2234  data: 0.3126  max mem: 24934
Train Epoch: [26]  [150/841]  eta: 0:14:09  lr: 0.000014  loss_mlm: 0.0462  loss_ita: 8.9725  loss_itm: 0.6159  time: 1.1911  data: 0.2755  max mem: 24934
Train Epoch: [26]  [200/841]  eta: 0:13:06  lr: 0.000014  loss_mlm: 0.0004  loss_ita: 8.8291  loss_itm: 0.6120  time: 1.2300  data: 0.3142  max mem: 24934
Train Epoch: [26]  [250/841]  eta: 0:12:00  lr: 0.000014  loss_mlm: 0.0364  loss_ita: 8.8251  loss_itm: 0.5942  time: 1.1699  data: 0.2610  max mem: 24934
Train Epoch: [26]  [300/841]  eta: 0:10:56  lr: 0.000014  loss_mlm: 0.0446  loss_ita: 8.8534  loss_itm: 0.6025  time: 1.2247  data: 0.3133  max mem: 24934
Train Epoch: [26]  [350/841]  eta: 0:09:55  lr: 0.000014  loss_mlm: 0.0874  loss_ita: 8.8318  loss_itm: 0.6274  time: 1.1924  data: 0.2878  max mem: 24934
Train Epoch: [26]  [400/841]  eta: 0:08:53  lr: 0.000014  loss_mlm: 0.0154  loss_ita: 8.7559  loss_itm: 0.6067  time: 1.2010  data: 0.2878  max mem: 24934
Train Epoch: [26]  [450/841]  eta: 0:07:55  lr: 0.000014  loss_mlm: 0.0097  loss_ita: 8.7687  loss_itm: 0.6024  time: 1.2551  data: 0.3493  max mem: 24934
Train Epoch: [26]  [500/841]  eta: 0:06:53  lr: 0.000014  loss_mlm: 0.1161  loss_ita: 8.8498  loss_itm: 0.6056  time: 1.1904  data: 0.2746  max mem: 24934
Train Epoch: [26]  [550/841]  eta: 0:05:52  lr: 0.000014  loss_mlm: 0.0443  loss_ita: 8.7686  loss_itm: 0.5782  time: 1.1942  data: 0.2787  max mem: 24934
Train Epoch: [26]  [600/841]  eta: 0:04:51  lr: 0.000014  loss_mlm: 0.1137  loss_ita: 8.8356  loss_itm: 0.6058  time: 1.1791  data: 0.2675  max mem: 24934
Train Epoch: [26]  [650/841]  eta: 0:03:50  lr: 0.000014  loss_mlm: 0.0198  loss_ita: 8.9015  loss_itm: 0.6183  time: 1.1634  data: 0.2557  max mem: 24934
Train Epoch: [26]  [700/841]  eta: 0:02:50  lr: 0.000014  loss_mlm: 0.0413  loss_ita: 8.8681  loss_itm: 0.5977  time: 1.2177  data: 0.0884  max mem: 24934
Train Epoch: [26]  [750/841]  eta: 0:01:49  lr: 0.000014  loss_mlm: 0.0138  loss_ita: 8.7340  loss_itm: 0.6080  time: 1.2485  data: 0.0001  max mem: 24934
Train Epoch: [26]  [800/841]  eta: 0:00:49  lr: 0.000014  loss_mlm: 0.0059  loss_ita: 8.7889  loss_itm: 0.6201  time: 1.2127  data: 0.0001  max mem: 24934
Train Epoch: [26]  [840/841]  eta: 0:00:01  lr: 0.000014  loss_mlm: 0.0062  loss_ita: 8.8604  loss_itm: 0.6077  time: 1.2297  data: 0.0003  max mem: 24934
Train Epoch: [26] Total time: 0:16:57 (1.2099 s / it)
Averaged stats: lr: 0.0000  loss_mlm: 0.0397  loss_ita: 8.8529  loss_itm: 0.6083
Train Epoch: [27]  [  0/841]  eta: 1:32:04  lr: 0.000012  loss_mlm: 0.0200  loss_ita: 8.9009  loss_itm: 0.6048  time: 6.5691  data: 5.1795  max mem: 24934
Train Epoch: [27]  [ 50/841]  eta: 0:17:13  lr: 0.000012  loss_mlm: 0.0069  loss_ita: 8.7867  loss_itm: 0.6146  time: 1.1861  data: 0.0001  max mem: 24934
Train Epoch: [27]  [100/841]  eta: 0:15:26  lr: 0.000012  loss_mlm: 0.0283  loss_ita: 8.8337  loss_itm: 0.6113  time: 1.1898  data: 0.0001  max mem: 24934
Train Epoch: [27]  [150/841]  eta: 0:13:52  lr: 0.000012  loss_mlm: 0.0741  loss_ita: 8.7167  loss_itm: 0.6078  time: 1.0686  data: 0.0001  max mem: 24934
Train Epoch: [27]  [200/841]  eta: 0:12:48  lr: 0.000012  loss_mlm: 0.1108  loss_ita: 8.6751  loss_itm: 0.6187  time: 1.2098  data: 0.0001  max mem: 24934
Train Epoch: [27]  [250/841]  eta: 0:11:47  lr: 0.000012  loss_mlm: 0.1698  loss_ita: 8.7206  loss_itm: 0.6040  time: 1.2308  data: 0.0001  max mem: 24934
Train Epoch: [27]  [300/841]  eta: 0:10:49  lr: 0.000012  loss_mlm: 0.1042  loss_ita: 8.9530  loss_itm: 0.6319  time: 1.1895  data: 0.0001  max mem: 24934
Train Epoch: [27]  [350/841]  eta: 0:09:46  lr: 0.000012  loss_mlm: 0.0183  loss_ita: 8.8925  loss_itm: 0.6178  time: 1.1799  data: 0.0001  max mem: 24934
Train Epoch: [27]  [400/841]  eta: 0:08:47  lr: 0.000012  loss_mlm: 0.1164  loss_ita: 8.8541  loss_itm: 0.6179  time: 1.2189  data: 0.0001  max mem: 24934
Train Epoch: [27]  [450/841]  eta: 0:07:48  lr: 0.000012  loss_mlm: 0.0144  loss_ita: 8.9236  loss_itm: 0.6090  time: 1.2005  data: 0.0002  max mem: 24934
Train Epoch: [27]  [500/841]  eta: 0:06:47  lr: 0.000012  loss_mlm: 0.0781  loss_ita: 8.8224  loss_itm: 0.6094  time: 1.1631  data: 0.0001  max mem: 24934
Train Epoch: [27]  [550/841]  eta: 0:05:46  lr: 0.000012  loss_mlm: 0.0001  loss_ita: 8.9738  loss_itm: 0.5945  time: 1.1761  data: 0.0001  max mem: 24934
Train Epoch: [27]  [600/841]  eta: 0:04:47  lr: 0.000012  loss_mlm: 0.1019  loss_ita: 8.8888  loss_itm: 0.6162  time: 1.1886  data: 0.0001  max mem: 24934
Train Epoch: [27]  [650/841]  eta: 0:03:46  lr: 0.000012  loss_mlm: 0.0368  loss_ita: 8.7438  loss_itm: 0.6199  time: 1.1449  data: 0.0001  max mem: 24934
Train Epoch: [27]  [700/841]  eta: 0:02:47  lr: 0.000012  loss_mlm: 0.0533  loss_ita: 8.6006  loss_itm: 0.5928  time: 1.1938  data: 0.0001  max mem: 24934
Train Epoch: [27]  [750/841]  eta: 0:01:47  lr: 0.000012  loss_mlm: 0.0257  loss_ita: 8.9314  loss_itm: 0.6108  time: 1.1341  data: 0.0001  max mem: 24934
Train Epoch: [27]  [800/841]  eta: 0:00:48  lr: 0.000012  loss_mlm: 0.0735  loss_ita: 8.6948  loss_itm: 0.5952  time: 1.2159  data: 0.0001  max mem: 24934
Train Epoch: [27]  [840/841]  eta: 0:00:01  lr: 0.000012  loss_mlm: 0.0001  loss_ita: 8.7993  loss_itm: 0.6146  time: 1.1600  data: 0.0003  max mem: 24934
Train Epoch: [27] Total time: 0:16:40 (1.1896 s / it)
Averaged stats: lr: 0.0000  loss_mlm: 0.0382  loss_ita: 8.8283  loss_itm: 0.6089
Train Epoch: [28]  [  0/841]  eta: 1:28:00  lr: 0.000011  loss_mlm: 0.0256  loss_ita: 8.8845  loss_itm: 0.5990  time: 6.2789  data: 4.7859  max mem: 24934
Train Epoch: [28]  [ 50/841]  eta: 0:16:28  lr: 0.000011  loss_mlm: 0.1467  loss_ita: 8.8883  loss_itm: 0.5993  time: 1.1190  data: 0.0001  max mem: 24934
Train Epoch: [28]  [100/841]  eta: 0:14:52  lr: 0.000011  loss_mlm: 0.0015  loss_ita: 8.9478  loss_itm: 0.6087  time: 1.1176  data: 0.0001  max mem: 24934
Train Epoch: [28]  [150/841]  eta: 0:13:40  lr: 0.000011  loss_mlm: 0.0037  loss_ita: 8.9487  loss_itm: 0.6237  time: 1.1765  data: 0.0001  max mem: 24934
Train Epoch: [28]  [200/841]  eta: 0:12:41  lr: 0.000011  loss_mlm: 0.0394  loss_ita: 8.9011  loss_itm: 0.5928  time: 1.1821  data: 0.0001  max mem: 24934
Train Epoch: [28]  [250/841]  eta: 0:11:36  lr: 0.000011  loss_mlm: 0.0325  loss_ita: 8.8553  loss_itm: 0.5928  time: 1.1421  data: 0.0001  max mem: 24934
Train Epoch: [28]  [300/841]  eta: 0:10:34  lr: 0.000011  loss_mlm: 0.1064  loss_ita: 8.9525  loss_itm: 0.6166  time: 1.1390  data: 0.0002  max mem: 24934
Train Epoch: [28]  [350/841]  eta: 0:09:35  lr: 0.000011  loss_mlm: 0.0003  loss_ita: 8.7668  loss_itm: 0.5665  time: 1.1721  data: 0.0001  max mem: 24934
Train Epoch: [28]  [400/841]  eta: 0:08:36  lr: 0.000011  loss_mlm: 0.0032  loss_ita: 8.9654  loss_itm: 0.6051  time: 1.1693  data: 0.0002  max mem: 24934
Train Epoch: [28]  [450/841]  eta: 0:07:36  lr: 0.000011  loss_mlm: 0.0128  loss_ita: 8.9383  loss_itm: 0.6338  time: 1.1284  data: 0.0001  max mem: 24935
Train Epoch: [28]  [500/841]  eta: 0:06:40  lr: 0.000011  loss_mlm: 0.0080  loss_ita: 8.8253  loss_itm: 0.6166  time: 1.2064  data: 0.0001  max mem: 24935
Train Epoch: [28]  [550/841]  eta: 0:05:41  lr: 0.000011  loss_mlm: 0.0041  loss_ita: 8.9279  loss_itm: 0.6110  time: 1.2236  data: 0.0001  max mem: 24935
Train Epoch: [28]  [600/841]  eta: 0:04:43  lr: 0.000011  loss_mlm: 0.0711  loss_ita: 8.8946  loss_itm: 0.6167  time: 1.2063  data: 0.0001  max mem: 24935
Train Epoch: [28]  [650/841]  eta: 0:03:44  lr: 0.000011  loss_mlm: 0.0001  loss_ita: 8.9007  loss_itm: 0.5948  time: 1.1364  data: 0.0001  max mem: 24935
Train Epoch: [28]  [700/841]  eta: 0:02:45  lr: 0.000011  loss_mlm: 0.0399  loss_ita: 9.0322  loss_itm: 0.6325  time: 1.1963  data: 0.0002  max mem: 24935
Train Epoch: [28]  [750/841]  eta: 0:01:47  lr: 0.000011  loss_mlm: 0.0002  loss_ita: 8.9119  loss_itm: 0.6115  time: 1.1881  data: 0.0002  max mem: 24935
Train Epoch: [28]  [800/841]  eta: 0:00:48  lr: 0.000011  loss_mlm: 0.0038  loss_ita: 8.8885  loss_itm: 0.6165  time: 1.1694  data: 0.0002  max mem: 24935
Train Epoch: [28]  [840/841]  eta: 0:00:01  lr: 0.000011  loss_mlm: 0.0283  loss_ita: 8.7559  loss_itm: 0.6040  time: 1.1811  data: 0.0003  max mem: 24935
Train Epoch: [28] Total time: 0:16:31 (1.1785 s / it)
Averaged stats: lr: 0.0000  loss_mlm: 0.0402  loss_ita: 8.8705  loss_itm: 0.6079
Train Epoch: [29]  [  0/841]  eta: 1:45:47  lr: 0.000010  loss_mlm: 0.0494  loss_ita: 8.8474  loss_itm: 0.6086  time: 7.5473  data: 4.7792  max mem: 24935
Train Epoch: [29]  [ 50/841]  eta: 0:17:09  lr: 0.000010  loss_mlm: 0.0358  loss_ita: 8.7687  loss_itm: 0.6046  time: 1.2095  data: 0.0001  max mem: 24935
Train Epoch: [29]  [100/841]  eta: 0:15:05  lr: 0.000010  loss_mlm: 0.0001  loss_ita: 8.7196  loss_itm: 0.6048  time: 1.1428  data: 0.0002  max mem: 24935
Train Epoch: [29]  [150/841]  eta: 0:13:59  lr: 0.000010  loss_mlm: 0.0001  loss_ita: 8.8141  loss_itm: 0.6028  time: 1.1763  data: 0.0001  max mem: 24935
Train Epoch: [29]  [200/841]  eta: 0:12:52  lr: 0.000010  loss_mlm: 0.0081  loss_ita: 8.8090  loss_itm: 0.6142  time: 1.1943  data: 0.0002  max mem: 24935
Train Epoch: [29]  [250/841]  eta: 0:11:51  lr: 0.000010  loss_mlm: 0.0192  loss_ita: 8.7193  loss_itm: 0.5813  time: 1.2048  data: 0.0002  max mem: 24935
Train Epoch: [29]  [300/841]  eta: 0:10:47  lr: 0.000010  loss_mlm: 0.0001  loss_ita: 8.8140  loss_itm: 0.6085  time: 1.1604  data: 0.0001  max mem: 24935
Train Epoch: [29]  [350/841]  eta: 0:09:46  lr: 0.000010  loss_mlm: 0.0217  loss_ita: 8.8797  loss_itm: 0.6100  time: 1.1993  data: 0.0002  max mem: 24935
Train Epoch: [29]  [400/841]  eta: 0:08:45  lr: 0.000010  loss_mlm: 0.1306  loss_ita: 8.9665  loss_itm: 0.5888  time: 1.1546  data: 0.0001  max mem: 24935
Train Epoch: [29]  [450/841]  eta: 0:07:46  lr: 0.000010  loss_mlm: 0.0126  loss_ita: 8.8868  loss_itm: 0.6182  time: 1.1736  data: 0.0002  max mem: 24935
Train Epoch: [29]  [500/841]  eta: 0:06:45  lr: 0.000010  loss_mlm: 0.0182  loss_ita: 8.7328  loss_itm: 0.5880  time: 1.2015  data: 0.0001  max mem: 24935
Train Epoch: [29]  [550/841]  eta: 0:05:46  lr: 0.000010  loss_mlm: 0.1267  loss_ita: 8.8530  loss_itm: 0.6014  time: 1.1669  data: 0.0001  max mem: 24935
Train Epoch: [29]  [600/841]  eta: 0:04:46  lr: 0.000010  loss_mlm: 0.0708  loss_ita: 8.9715  loss_itm: 0.6037  time: 1.2012  data: 0.0001  max mem: 24935
Train Epoch: [29]  [650/841]  eta: 0:03:45  lr: 0.000010  loss_mlm: 0.0051  loss_ita: 8.7895  loss_itm: 0.6032  time: 1.0544  data: 0.0002  max mem: 24935
Train Epoch: [29]  [700/841]  eta: 0:02:45  lr: 0.000010  loss_mlm: 0.0063  loss_ita: 8.7454  loss_itm: 0.6209  time: 1.0592  data: 0.0001  max mem: 24935
Train Epoch: [29]  [750/841]  eta: 0:01:45  lr: 0.000010  loss_mlm: 0.0769  loss_ita: 8.7310  loss_itm: 0.5890  time: 1.0618  data: 0.0002  max mem: 24935
Train Epoch: [29]  [800/841]  eta: 0:00:47  lr: 0.000010  loss_mlm: 0.0397  loss_ita: 8.7592  loss_itm: 0.5921  time: 1.0519  data: 0.0002  max mem: 24935
Train Epoch: [29]  [840/841]  eta: 0:00:01  lr: 0.000010  loss_mlm: 0.0001  loss_ita: 8.9406  loss_itm: 0.6177  time: 1.0217  data: 0.0003  max mem: 24935
Train Epoch: [29] Total time: 0:16:08 (1.1514 s / it)
Averaged stats: lr: 0.0000  loss_mlm: 0.0375  loss_ita: 8.8333  loss_itm: 0.6075
Training time 7:34:36
Job finished at Wed Nov 19 21:31:13 CET 2025
=== JOB_STATISTICS ===
=== current date     : Wed Nov 19 21:31:14 CET 2025
= Job-ID             : 3173841 on alex
= Job-Name           : albef-a40
= Job-Command        : /home/hpc/iwi5/iwi5362h/thesis-codebase/scripts/pretrain_albef_a40.slurm
= Initial workdir    : /home/hpc/iwi5/iwi5362h/thesis-codebase/scripts
= Queue/Partition    : a40
= Slurm account      : iwi5 with QOS=normal
= Requested resources:  for 1-00:00:00
= Elapsed runtime    : 07:35:13
= Total RAM usage    : 215.6 GiB of assigned  GiB (%)
= Node list          : a0422
= Subm/Elig/Start/End: 2025-11-19T13:55:59 / 2025-11-19T13:55:59 / 2025-11-19T13:56:00 / 2025-11-19T21:31:13
======================
=== Quota infos ======
    Path              Used     SoftQ    HardQ    Gracetime  Filec    FileQ    FiHaQ    FileGrace    
    /home/woody        857.2G  1000.0G  1500.0G        N/A     774K   5,000K   7,500K        N/A    
    /home/hpc           13.9G   104.9G   209.7G        N/A   3,243      500K   1,000K        N/A    
    /home/vault          0.0K  1048.6G  2097.2G        N/A       1      200K     400K        N/A    
======================
=== GPU utilization ==
gpu_name, gpu_bus_id, pid, gpu_utilization [%], mem_utilization [%], max_memory_usage [MiB], time [ms]
NVIDIA A40, 00000000:01:00.0, 98673, 90 %, 61 %, 27142 MiB, 27294930 ms
NVIDIA A40, 00000000:41:00.0, 98674, 90 %, 61 %, 26186 MiB, 27293298 ms
NVIDIA A40, 00000000:A1:00.0, 98675, 93 %, 61 %, 26186 MiB, 27295144 ms
NVIDIA A40, 00000000:C1:00.0, 98676, 89 %, 61 %, 26166 MiB, 27293376 ms
